Archive member included to satisfy reference by file (symbol)

C:/ST/STM32CubeIDE_1.14.0/STM32CubeIDE/plugins/com.st.stm32cube.ide.mcu.externaltools.gnu-tools-for-stm32.11.3.rel1.win32_1.1.100.202309141235/tools/bin/../lib/gcc/arm-none-eabi/11.3.1/../../../../arm-none-eabi/lib/thumb/v7e-m+fp/hard\libc_nano.a(libc_a-exit.o)
                              C:/ST/STM32CubeIDE_1.14.0/STM32CubeIDE/plugins/com.st.stm32cube.ide.mcu.externaltools.gnu-tools-for-stm32.11.3.rel1.win32_1.1.100.202309141235/tools/bin/../lib/gcc/arm-none-eabi/11.3.1/../../../../arm-none-eabi/lib/thumb/v7e-m+fp/hard/crt0.o (exit)
C:/ST/STM32CubeIDE_1.14.0/STM32CubeIDE/plugins/com.st.stm32cube.ide.mcu.externaltools.gnu-tools-for-stm32.11.3.rel1.win32_1.1.100.202309141235/tools/bin/../lib/gcc/arm-none-eabi/11.3.1/../../../../arm-none-eabi/lib/thumb/v7e-m+fp/hard\libc_nano.a(libc_a-malloc.o)
                              ./Middlewares/ST/STM32_USB_Device_Library/Class/CDC/Src/usbd_cdc.o (malloc)
C:/ST/STM32CubeIDE_1.14.0/STM32CubeIDE/plugins/com.st.stm32cube.ide.mcu.externaltools.gnu-tools-for-stm32.11.3.rel1.win32_1.1.100.202309141235/tools/bin/../lib/gcc/arm-none-eabi/11.3.1/../../../../arm-none-eabi/lib/thumb/v7e-m+fp/hard\libc_nano.a(libc_a-mallocr.o)
                              C:/ST/STM32CubeIDE_1.14.0/STM32CubeIDE/plugins/com.st.stm32cube.ide.mcu.externaltools.gnu-tools-for-stm32.11.3.rel1.win32_1.1.100.202309141235/tools/bin/../lib/gcc/arm-none-eabi/11.3.1/../../../../arm-none-eabi/lib/thumb/v7e-m+fp/hard\libc_nano.a(libc_a-malloc.o) (_malloc_r)
C:/ST/STM32CubeIDE_1.14.0/STM32CubeIDE/plugins/com.st.stm32cube.ide.mcu.externaltools.gnu-tools-for-stm32.11.3.rel1.win32_1.1.100.202309141235/tools/bin/../lib/gcc/arm-none-eabi/11.3.1/../../../../arm-none-eabi/lib/thumb/v7e-m+fp/hard\libc_nano.a(libc_a-mlock.o)
                              C:/ST/STM32CubeIDE_1.14.0/STM32CubeIDE/plugins/com.st.stm32cube.ide.mcu.externaltools.gnu-tools-for-stm32.11.3.rel1.win32_1.1.100.202309141235/tools/bin/../lib/gcc/arm-none-eabi/11.3.1/../../../../arm-none-eabi/lib/thumb/v7e-m+fp/hard\libc_nano.a(libc_a-mallocr.o) (__malloc_lock)
C:/ST/STM32CubeIDE_1.14.0/STM32CubeIDE/plugins/com.st.stm32cube.ide.mcu.externaltools.gnu-tools-for-stm32.11.3.rel1.win32_1.1.100.202309141235/tools/bin/../lib/gcc/arm-none-eabi/11.3.1/../../../../arm-none-eabi/lib/thumb/v7e-m+fp/hard\libc_nano.a(libc_a-toupper.o)
                              ./USB_DEVICE/App/usbd_cdc_if.o (toupper)
C:/ST/STM32CubeIDE_1.14.0/STM32CubeIDE/plugins/com.st.stm32cube.ide.mcu.externaltools.gnu-tools-for-stm32.11.3.rel1.win32_1.1.100.202309141235/tools/bin/../lib/gcc/arm-none-eabi/11.3.1/../../../../arm-none-eabi/lib/thumb/v7e-m+fp/hard\libc_nano.a(libc_a-findfp.o)
                              C:/ST/STM32CubeIDE_1.14.0/STM32CubeIDE/plugins/com.st.stm32cube.ide.mcu.externaltools.gnu-tools-for-stm32.11.3.rel1.win32_1.1.100.202309141235/tools/bin/../lib/gcc/arm-none-eabi/11.3.1/../../../../arm-none-eabi/lib/thumb/v7e-m+fp/hard\libc_nano.a(libc_a-exit.o) (__stdio_exit_handler)
C:/ST/STM32CubeIDE_1.14.0/STM32CubeIDE/plugins/com.st.stm32cube.ide.mcu.externaltools.gnu-tools-for-stm32.11.3.rel1.win32_1.1.100.202309141235/tools/bin/../lib/gcc/arm-none-eabi/11.3.1/../../../../arm-none-eabi/lib/thumb/v7e-m+fp/hard\libc_nano.a(libc_a-fwalk.o)
                              C:/ST/STM32CubeIDE_1.14.0/STM32CubeIDE/plugins/com.st.stm32cube.ide.mcu.externaltools.gnu-tools-for-stm32.11.3.rel1.win32_1.1.100.202309141235/tools/bin/../lib/gcc/arm-none-eabi/11.3.1/../../../../arm-none-eabi/lib/thumb/v7e-m+fp/hard\libc_nano.a(libc_a-findfp.o) (_fwalk_sglue)
C:/ST/STM32CubeIDE_1.14.0/STM32CubeIDE/plugins/com.st.stm32cube.ide.mcu.externaltools.gnu-tools-for-stm32.11.3.rel1.win32_1.1.100.202309141235/tools/bin/../lib/gcc/arm-none-eabi/11.3.1/../../../../arm-none-eabi/lib/thumb/v7e-m+fp/hard\libc_nano.a(libc_a-sprintf.o)
                              ./Core/Src/main.o (sprintf)
C:/ST/STM32CubeIDE_1.14.0/STM32CubeIDE/plugins/com.st.stm32cube.ide.mcu.externaltools.gnu-tools-for-stm32.11.3.rel1.win32_1.1.100.202309141235/tools/bin/../lib/gcc/arm-none-eabi/11.3.1/../../../../arm-none-eabi/lib/thumb/v7e-m+fp/hard\libc_nano.a(libc_a-stdio.o)
                              C:/ST/STM32CubeIDE_1.14.0/STM32CubeIDE/plugins/com.st.stm32cube.ide.mcu.externaltools.gnu-tools-for-stm32.11.3.rel1.win32_1.1.100.202309141235/tools/bin/../lib/gcc/arm-none-eabi/11.3.1/../../../../arm-none-eabi/lib/thumb/v7e-m+fp/hard\libc_nano.a(libc_a-findfp.o) (__sread)
C:/ST/STM32CubeIDE_1.14.0/STM32CubeIDE/plugins/com.st.stm32cube.ide.mcu.externaltools.gnu-tools-for-stm32.11.3.rel1.win32_1.1.100.202309141235/tools/bin/../lib/gcc/arm-none-eabi/11.3.1/../../../../arm-none-eabi/lib/thumb/v7e-m+fp/hard\libc_nano.a(libc_a-vsnprintf.o)
                              ./Core/Src/main.o (vsnprintf)
[...]
Memory Configuration

Name             Origin             Length             Attributes
RAM              0x0000000020000000 0x0000000000040000 xrw
FLASH            0x0000000008000000 0x0000000000080000 xr
*default*        0x0000000000000000 0xffffffffffffffff

Linker script and memory map

LOAD C:/ST/STM32CubeIDE_1.14.0/STM32CubeIDE/plugins/com.st.stm32cube.ide.mcu.externaltools.gnu-tools-for-stm32.11.3.rel1.win32_1.1.100.202309141235/tools/bin/../lib/gcc/arm-none-eabi/11.3.1/thumb/v7e-m+fp/hard/crti.o
LOAD C:/ST/STM32CubeIDE_1.14.0/STM32CubeIDE/plugins/com.st.stm32cube.ide.mcu.externaltools.gnu-tools-for-stm32.11.3.rel1.win32_1.1.100.202309141235/tools/bin/../lib/gcc/arm-none-eabi/11.3.1/thumb/v7e-m+fp/hard/crtbegin.o
LOAD C:/ST/STM32CubeIDE_1.14.0/STM32CubeIDE/plugins/com.st.stm32cube.ide.mcu.externaltools.gnu-tools-for-stm32.11.3.rel1.win32_1.1.100.202309141235/tools/bin/../lib/gcc/arm-none-eabi/11.3.1/../../../../arm-none-eabi/lib/thumb/v7e-m+fp/hard/crt0.o
LOAD ./Core/Src/bmp280.o
LOAD ./Core/Src/main.o
LOAD ./Core/Src/stm32f7xx_hal_msp.o
LOAD ./Core/Src/stm32f7xx_it.o
LOAD ./Core/Src/syscalls.o
LOAD ./Core/Src/sysmem.o
LOAD ./Core/Src/system_stm32f7xx.o
LOAD ./Core/Startup/startup_stm32f722retx.o
LOAD ./Drivers/STM32F7xx_HAL_Driver/Src/stm32f7xx_hal.o
LOAD ./Drivers/STM32F7xx_HAL_Driver/Src/stm32f7xx_hal_adc.o
LOAD ./Drivers/STM32F7xx_HAL_Driver/Src/stm32f7xx_hal_adc_ex.o
LOAD ./Drivers/STM32F7xx_HAL_Driver/Src/stm32f7xx_hal_cortex.o
LOAD ./Drivers/STM32F7xx_HAL_Driver/Src/stm32f7xx_hal_dma.o
LOAD ./Drivers/STM32F7xx_HAL_Driver/Src/stm32f7xx_hal_dma_ex.o
LOAD ./Drivers/STM32F7xx_HAL_Driver/Src/stm32f7xx_hal_exti.o
LOAD ./Drivers/STM32F7xx_HAL_Driver/Src/stm32f7xx_hal_flash.o
LOAD ./Drivers/STM32F7xx_HAL_Driver/Src/stm32f7xx_hal_flash_ex.o
LOAD ./Drivers/STM32F7xx_HAL_Driver/Src/stm32f7xx_hal_gpio.o
LOAD ./Drivers/STM32F7xx_HAL_Driver/Src/stm32f7xx_hal_i2c.o
LOAD ./Drivers/STM32F7xx_HAL_Driver/Src/stm32f7xx_hal_i2c_ex.o
LOAD ./Drivers/STM32F7xx_HAL_Driver/Src/stm32f7xx_hal_pcd.o
LOAD ./Drivers/STM32F7xx_HAL_Driver/Src/stm32f7xx_hal_pcd_ex.o
LOAD ./Drivers/STM32F7xx_HAL_Driver/Src/stm32f7xx_hal_pwr.o
LOAD ./Drivers/STM32F7xx_HAL_Driver/Src/stm32f7xx_hal_pwr_ex.o
LOAD ./Drivers/STM32F7xx_HAL_Driver/Src/stm32f7xx_hal_rcc.o
LOAD ./Drivers/STM32F7xx_HAL_Driver/Src/stm32f7xx_hal_rcc_ex.o
LOAD ./Drivers/STM32F7xx_HAL_Driver/Src/stm32f7xx_hal_spi.o
LOAD ./Drivers/STM32F7xx_HAL_Driver/Src/stm32f7xx_hal_spi_ex.o
LOAD ./Drivers/STM32F7xx_HAL_Driver/Src/stm32f7xx_hal_tim.o
LOAD ./Drivers/STM32F7xx_HAL_Driver/Src/stm32f7xx_hal_tim_ex.o
LOAD ./Drivers/STM32F7xx_HAL_Driver/Src/stm32f7xx_hal_uart.o
LOAD ./Drivers/STM32F7xx_HAL_Driver/Src/stm32f7xx_hal_uart_ex.o
LOAD ./Drivers/STM32F7xx_HAL_Driver/Src/stm32f7xx_ll_usb.o
LOAD ./FATFS/App/fatfs.o
LOAD ./FATFS/Target/user_diskio.o
LOAD ./FATFS/Target/user_diskio_spi.o
LOAD ./Middlewares/ST/STM32_USB_Device_Library/Class/CDC/Src/usbd_cdc.o
LOAD ./Middlewares/ST/STM32_USB_Device_Library/Core/Src/usbd_core.o
LOAD ./Middlewares/ST/STM32_USB_Device_Library/Core/Src/usbd_ctlreq.o
LOAD ./Middlewares/ST/STM32_USB_Device_Library/Core/Src/usbd_ioreq.o
LOAD ./Middlewares/Third_Party/FatFs/src/diskio.o
LOAD ./Middlewares/Third_Party/FatFs/src/ff.o
LOAD ./Middlewares/Third_Party/FatFs/src/ff_gen_drv.o
LOAD ./Middlewares/Third_Party/FatFs/src/option/syscall.o
LOAD ./USB_DEVICE/App/usb_device.o
LOAD ./USB_DEVICE/App/usbd_cdc_if.o
LOAD ./USB_DEVICE/App/usbd_desc.o
LOAD ./USB_DEVICE/Target/usbd_conf.o
START GROUP
LOAD C:/ST/STM32CubeIDE_1.14.0/STM32CubeIDE/plugins/com.st.stm32cube.ide.mcu.externaltools.gnu-tools-for-stm32.11.3.rel1.win32_1.1.100.202309141235/tools/bin/../lib/gcc/arm-none-eabi/11.3.1/../../../../arm-none-eabi/lib/thumb/v7e-m+fp/hard\libc_nano.a
LOAD C:/ST/STM32CubeIDE_1.14.0/STM32CubeIDE/plugins/com.st.stm32cube.ide.mcu.externaltools.gnu-tools-for-stm32.11.3.rel1.win32_1.1.100.202309141235/tools/bin/../lib/gcc/arm-none-eabi/11.3.1/../../../../arm-none-eabi/lib/thumb/v7e-m+fp/hard\libm.a
END GROUP
START GROUP
LOAD C:/ST/STM32CubeIDE_1.14.0/STM32CubeIDE/plugins/com.st.stm32cube.ide.mcu.externaltools.gnu-tools-for-stm32.11.3.rel1.win32_1.1.100.202309141235/tools/bin/../lib/gcc/arm-none-eabi/11.3.1/thumb/v7e-m+fp/hard\libgcc.a
LOAD C:/ST/STM32CubeIDE_1.14.0/STM32CubeIDE/plugins/com.st.stm32cube.ide.mcu.externaltools.gnu-tools-for-stm32.11.3.rel1.win32_1.1.100.202309141235/tools/bin/../lib/gcc/arm-none-eabi/11.3.1/../../../../arm-none-eabi/lib/thumb/v7e-m+fp/hard\libc_nano.a
END GROUP
START GROUP
LOAD C:/ST/STM32CubeIDE_1.14.0/STM32CubeIDE/plugins/com.st.stm32cube.ide.mcu.externaltools.gnu-tools-for-stm32.11.3.rel1.win32_1.1.100.202309141235/tools/bin/../lib/gcc/arm-none-eabi/11.3.1/thumb/v7e-m+fp/hard\libgcc.a
LOAD C:/ST/STM32CubeIDE_1.14.0/STM32CubeIDE/plugins/com.st.stm32cube.ide.mcu.externaltools.gnu-tools-for-stm32.11.3.rel1.win32_1.1.100.202309141235/tools/bin/../lib/gcc/arm-none-eabi/11.3.1/../../../../arm-none-eabi/lib/thumb/v7e-m+fp/hard\libc_nano.a
LOAD C:/ST/STM32CubeIDE_1.14.0/STM32CubeIDE/plugins/com.st.stm32cube.ide.mcu.externaltools.gnu-tools-for-stm32.11.3.rel1.win32_1.1.100.202309141235/tools/bin/../lib/gcc/arm-none-eabi/11.3.1/../../../../arm-none-eabi/lib/thumb/v7e-m+fp/hard\libnosys.a
END GROUP
START GROUP
LOAD C:/ST/STM32CubeIDE_1.14.0/STM32CubeIDE/plugins/com.st.stm32cube.ide.mcu.externaltools.gnu-tools-for-stm32.11.3.rel1.win32_1.1.100.202309141235/tools/bin/../lib/gcc/arm-none-eabi/11.3.1/thumb/v7e-m+fp/hard\libgcc.a
LOAD C:/ST/STM32CubeIDE_1.14.0/STM32CubeIDE/plugins/com.st.stm32cube.ide.mcu.externaltools.gnu-tools-for-stm32.11.3.rel1.win32_1.1.100.202309141235/tools/bin/../lib/gcc/arm-none-eabi/11.3.1/../../../../arm-none-eabi/lib/thumb/v7e-m+fp/hard\libc_nano.a
LOAD C:/ST/STM32CubeIDE_1.14.0/STM32CubeIDE/plugins/com.st.stm32cube.ide.mcu.externaltools.gnu-tools-for-stm32.11.3.rel1.win32_1.1.100.202309141235/tools/bin/../lib/gcc/arm-none-eabi/11.3.1/../../../../arm-none-eabi/lib/thumb/v7e-m+fp/hard\libnosys.a
END GROUP
LOAD C:/ST/STM32CubeIDE_1.14.0/STM32CubeIDE/plugins/com.st.stm32cube.ide.mcu.externaltools.gnu-tools-for-stm32.11.3.rel1.win32_1.1.100.202309141235/tools/bin/../lib/gcc/arm-none-eabi/11.3.1/thumb/v7e-m+fp/hard/crtend.o
LOAD C:/ST/STM32CubeIDE_1.14.0/STM32CubeIDE/plugins/com.st.stm32cube.ide.mcu.externaltools.gnu-tools-for-stm32.11.3.rel1.win32_1.1.100.202309141235/tools/bin/../lib/gcc/arm-none-eabi/11.3.1/thumb/v7e-m+fp/hard/crtn.o
                0x0000000020040000                _estack = (ORIGIN (RAM) + LENGTH (RAM))
                0x0000000000000200                _Min_Heap_Size = 0x200
                0x0000000000000400                _Min_Stack_Size = 0x400

.isr_vector     0x0000000008000000      0x1e0
                0x0000000008000000                . = ALIGN (0x4)
 *(.isr_vector)
 .isr_vector    0x0000000008000000      0x1e0 ./Core/Startup/startup_stm32f722retx.o
                0x0000000008000000                g_pfnVectors
                0x00000000080001e0                . = ALIGN (0x4)

.text           0x00000000080001e0     0xe818
                0x00000000080001e0                . = ALIGN (0x4)
 *(.text)
 .text          0x00000000080001e0       0x40 C:/ST/STM32CubeIDE_1.14.0/STM32CubeIDE/plugins/com.st.stm32cube.ide.mcu.externaltools.gnu-tools-for-stm32.11.3.rel1.win32_1.1.100.202309141235/tools/bin/../lib/gcc/arm-none-eabi/11.3.1/thumb/v7e-m+fp/hard/crtbegin.o
 .text          0x0000000008000220       0x10 C:/ST/STM32CubeIDE_1.14.0/STM32CubeIDE/plugins/com.st.stm32cube.ide.mcu.externaltools.gnu-tools-for-stm32.11.3.rel1.win32_1.1.100.202309141235/tools/bin/../lib/gcc/arm-none-eabi/11.3.1/../../../../arm-none-eabi/lib/thumb/v7e-m+fp/hard\libc_nano.a(libc_a-strlen.o)
                0x0000000008000220                strlen
 .text          0x0000000008000230       0xa0 C:/ST/STM32CubeIDE_1.14.0/STM32CubeIDE/plugins/com.st.stm32cube.ide.mcu.externaltools.gnu-tools-for-stm32.11.3.rel1.win32_1.1.100.202309141235/tools/bin/../lib/gcc/arm-none-eabi/11.3.1/../../../../arm-none-eabi/lib/thumb/v7e-m+fp/hard\libc_nano.a(libc_a-memchr.o)
                0x0000000008000230                memchr
 .text          0x00000000080002d0       0x30 C:/ST/STM32CubeIDE_1.14.0/STM32CubeIDE/plugins/com.st.stm32cube.ide.mcu.externaltools.gnu-tools-for-stm32.11.3.rel1.win32_1.1.100.202309141235/tools/bin/../lib/gcc/arm-none-eabi/11.3.1/thumb/v7e-m+fp/hard\libgcc.a(_aeabi_uldivmod.o)
                0x00000000080002d0                __aeabi_uldivmod
 .text          0x0000000008000300      0x2c8 C:/ST/STM32CubeIDE_1.14.0/STM32CubeIDE/plugins/com.st.stm32cube.ide.mcu.externaltools.gnu-tools-for-stm32.11.3.rel1.win32_1.1.100.202309141235/tools/bin/../lib/gcc/arm-none-eabi/11.3.1/thumb/v7e-m+fp/hard\libgcc.a(_udivmoddi4.o)
                0x0000000008000300                __udivmoddi4
 .text          0x00000000080005c8        0x4 C:/ST/STM32CubeIDE_1.14.0/STM32CubeIDE/plugins/com.st.stm32cube.ide.mcu.externaltools.gnu-tools-for-stm32.11.3.rel1.win32_1.1.100.202309141235/tools/bin/../lib/gcc/arm-none-eabi/11.3.1/thumb/v7e-m+fp/hard\libgcc.a(_dvmd_tls.o)
                0x00000000080005c8                __aeabi_idiv0
                0x00000000080005c8                __aeabi_ldiv0
 *(.text*)
 .text.SPI2_bmp280_read_id_register
                0x00000000080005cc       0xa8 ./Core/Src/main.o
                0x00000000080005cc                SPI2_bmp280_read_id_register
 .text.SPI1_bmi270_read_id_register
                0x0000000008000674       0xa4 ./Core/Src/main.o
                0x0000000008000674                SPI1_bmi270_read_id_register
 .text.SPI3_sdcard_read_id_register
                0x0000000008000718       0xa4 ./Core/Src/main.o
                0x0000000008000718                SPI3_sdcard_read_id_register
 .text.SPI1_max_analog_read_id_register
                0x00000000080007bc       0xa8 ./Core/Src/main.o
                0x00000000080007bc                SPI1_max_analog_read_id_register
 .text.myprintf
                0x0000000008000864       0x44 ./Core/Src/main.o
                0x0000000008000864                myprintf
 .text.test_sdcard
                0x00000000080008a8      0x208 ./Core/Src/main.o
                0x00000000080008a8                test_sdcard
 .text.start_bootloader
                0x0000000008000ab0       0x58 ./Core/Src/main.o
                0x0000000008000ab0                start_bootloader
 .text.main     0x0000000008000b08      0x124 ./Core/Src/main.o
                0x0000000008000b08                main
 .text.SystemClock_Config
                0x0000000008000c2c       0xd4 ./Core/Src/main.o
                0x0000000008000c2c                SystemClock_Config
 .text.MX_ADC1_Init
                0x0000000008000d00       0xa4 ./Core/Src/main.o
 .text.MX_ADC2_Init
                0x0000000008000da4       0xa4 ./Core/Src/main.o
 .text.MX_I2C1_Init
                0x0000000008000e48       0x80 ./Core/Src/main.o
 .text.MX_SPI1_Init
                0x0000000008000ec8       0x7c ./Core/Src/main.o
 .text.MX_SPI2_Init
                0x0000000008000f44       0x7c ./Core/Src/main.o
 .text.MX_SPI3_Init
                0x0000000008000fc0       0x7c ./Core/Src/main.o
 .text.MX_UART4_Init
                0x000000000800103c       0x60 ./Core/Src/main.o
 .text.MX_UART5_Init
                0x000000000800109c       0x60 ./Core/Src/main.o
 .text.MX_USART1_UART_Init
                0x00000000080010fc       0x60 ./Core/Src/main.o
 .text.MX_USART2_UART_Init
                0x000000000800115c       0x60 ./Core/Src/main.o
 .text.MX_USART3_UART_Init
                0x00000000080011bc       0x60 ./Core/Src/main.o
 .text.MX_USART6_UART_Init
                0x000000000800121c       0x60 ./Core/Src/main.o
 .text.MX_GPIO_Init
                0x000000000800127c      0x140 ./Core/Src/main.o
 .text.Error_Handler
                0x00000000080013bc        0xa ./Core/Src/main.o
                0x00000000080013bc                Error_Handler
 *fill*         0x00000000080013c6        0x2 
 .text.HAL_MspInit
                0x00000000080013c8       0x48 ./Core/Src/stm32f7xx_hal_msp.o
                0x00000000080013c8                HAL_MspInit
 .text.HAL_ADC_MspInit
                0x0000000008001410       0xd8 ./Core/Src/stm32f7xx_hal_msp.o
                0x0000000008001410                HAL_ADC_MspInit
 .text.HAL_I2C_MspInit
                0x00000000080014e8       0xc0 ./Core/Src/stm32f7xx_hal_msp.o
                0x00000000080014e8                HAL_I2C_MspInit
 .text.HAL_SPI_MspInit
                0x00000000080015a8      0x188 ./Core/Src/stm32f7xx_hal_msp.o
                0x00000000080015a8                HAL_SPI_MspInit
 .text.HAL_UART_MspInit
                0x0000000008001730      0x3c0 ./Core/Src/stm32f7xx_hal_msp.o
                0x0000000008001730                HAL_UART_MspInit
 .text.NMI_Handler
                0x0000000008001af0        0x6 ./Core/Src/stm32f7xx_it.o
                0x0000000008001af0                NMI_Handler
 .text.HardFault_Handler
                0x0000000008001af6        0x6 ./Core/Src/stm32f7xx_it.o
                0x0000000008001af6                HardFault_Handler
 .text.MemManage_Handler
                0x0000000008001afc        0x6 ./Core/Src/stm32f7xx_it.o
                0x0000000008001afc                MemManage_Handler
 .text.BusFault_Handler
                0x0000000008001b02        0x6 ./Core/Src/stm32f7xx_it.o
                0x0000000008001b02                BusFault_Handler
 .text.UsageFault_Handler
                0x0000000008001b08        0x6 ./Core/Src/stm32f7xx_it.o
                0x0000000008001b08                UsageFault_Handler
 .text.SVC_Handler
                0x0000000008001b0e        0xe ./Core/Src/stm32f7xx_it.o
                0x0000000008001b0e                SVC_Handler
 .text.DebugMon_Handler
                0x0000000008001b1c        0xe ./Core/Src/stm32f7xx_it.o
                0x0000000008001b1c                DebugMon_Handler
 .text.PendSV_Handler
                0x0000000008001b2a        0xe ./Core/Src/stm32f7xx_it.o
                0x0000000008001b2a                PendSV_Handler
 .text.SysTick_Handler
                0x0000000008001b38        0xc ./Core/Src/stm32f7xx_it.o
                0x0000000008001b38                SysTick_Handler
 .text.OTG_FS_IRQHandler
                0x0000000008001b44       0x14 ./Core/Src/stm32f7xx_it.o
                0x0000000008001b44                OTG_FS_IRQHandler
 .text._sbrk    0x0000000008001b58       0x6c ./Core/Src/sysmem.o
                0x0000000008001b58                _sbrk
 .text.SystemInit
                0x0000000008001bc4       0x24 ./Core/Src/system_stm32f7xx.o
                0x0000000008001bc4                SystemInit
 .text.Reset_Handler
                0x0000000008001be8       0x50 ./Core/Startup/startup_stm32f722retx.o
                0x0000000008001be8                Reset_Handler
 .text.Default_Handler
                0x0000000008001c38        0x2 ./Core/Startup/startup_stm32f722retx.o
                0x0000000008001c38                RTC_Alarm_IRQHandler
                0x0000000008001c38                EXTI2_IRQHandler
                0x0000000008001c38                TIM8_CC_IRQHandler
                0x0000000008001c38                UART8_IRQHandler
                0x0000000008001c38                SPI4_IRQHandler
                0x0000000008001c38                TIM1_CC_IRQHandler
                0x0000000008001c38                DMA2_Stream5_IRQHandler
                0x0000000008001c38                DMA1_Stream5_IRQHandler
                0x0000000008001c38                PVD_IRQHandler
                0x0000000008001c38                TAMP_STAMP_IRQHandler
                0x0000000008001c38                EXTI3_IRQHandler
                0x0000000008001c38                TIM8_TRG_COM_TIM14_IRQHandler
                0x0000000008001c38                TIM1_UP_TIM10_IRQHandler
                0x0000000008001c38                TIM8_UP_TIM13_IRQHandler
                0x0000000008001c38                I2C3_ER_IRQHandler
                0x0000000008001c38                EXTI0_IRQHandler
                0x0000000008001c38                I2C2_EV_IRQHandler
                0x0000000008001c38                DMA1_Stream2_IRQHandler
                0x0000000008001c38                CAN1_RX0_IRQHandler
                0x0000000008001c38                FPU_IRQHandler
                0x0000000008001c38                OTG_HS_WKUP_IRQHandler
                0x0000000008001c38                DMA2_Stream2_IRQHandler
                0x0000000008001c38                SPI1_IRQHandler
                0x0000000008001c38                TIM6_DAC_IRQHandler
                0x0000000008001c38                TIM1_BRK_TIM9_IRQHandler
                0x0000000008001c38                DMA2_Stream3_IRQHandler
                0x0000000008001c38                SAI2_IRQHandler
                0x0000000008001c38                USART6_IRQHandler
                0x0000000008001c38                USART3_IRQHandler
                0x0000000008001c38                CAN1_RX1_IRQHandler
                0x0000000008001c38                UART5_IRQHandler
                0x0000000008001c38                DMA2_Stream0_IRQHandler
                0x0000000008001c38                TIM4_IRQHandler
                0x0000000008001c38                QUADSPI_IRQHandler
                0x0000000008001c38                I2C1_EV_IRQHandler
                0x0000000008001c38                DMA1_Stream6_IRQHandler
                0x0000000008001c38                DMA1_Stream1_IRQHandler
                0x0000000008001c38                UART4_IRQHandler
                0x0000000008001c38                TIM3_IRQHandler
                0x0000000008001c38                RCC_IRQHandler
                0x0000000008001c38                TIM8_BRK_TIM12_IRQHandler
                0x0000000008001c38                Default_Handler
                0x0000000008001c38                EXTI15_10_IRQHandler
                0x0000000008001c38                ADC_IRQHandler
                0x0000000008001c38                DMA1_Stream7_IRQHandler
                0x0000000008001c38                SPI5_IRQHandler
                0x0000000008001c38                TIM7_IRQHandler
                0x0000000008001c38                SDMMC1_IRQHandler
                0x0000000008001c38                TIM5_IRQHandler
                0x0000000008001c38                DMA2_Stream7_IRQHandler
                0x0000000008001c38                I2C3_EV_IRQHandler
                0x0000000008001c38                EXTI9_5_IRQHandler
                0x0000000008001c38                RTC_WKUP_IRQHandler
                0x0000000008001c38                SPI2_IRQHandler
                0x0000000008001c38                OTG_HS_EP1_IN_IRQHandler
                0x0000000008001c38                DMA1_Stream0_IRQHandler
                0x0000000008001c38                CAN1_TX_IRQHandler
                0x0000000008001c38                EXTI4_IRQHandler
                0x0000000008001c38                RNG_IRQHandler
                0x0000000008001c38                OTG_HS_EP1_OUT_IRQHandler
                0x0000000008001c38                WWDG_IRQHandler
                0x0000000008001c38                TIM2_IRQHandler
                0x0000000008001c38                OTG_FS_WKUP_IRQHandler
                0x0000000008001c38                TIM1_TRG_COM_TIM11_IRQHandler
                0x0000000008001c38                OTG_HS_IRQHandler
                0x0000000008001c38                EXTI1_IRQHandler
                0x0000000008001c38                SDMMC2_IRQHandler
                0x0000000008001c38                UART7_IRQHandler
                0x0000000008001c38                USART2_IRQHandler
                0x0000000008001c38                I2C2_ER_IRQHandler
                0x0000000008001c38                DMA2_Stream1_IRQHandler
                0x0000000008001c38                CAN1_SCE_IRQHandler
                0x0000000008001c38                FLASH_IRQHandler
                0x0000000008001c38                DMA2_Stream4_IRQHandler
                0x0000000008001c38                USART1_IRQHandler
                0x0000000008001c38                SPI3_IRQHandler
                0x0000000008001c38                DMA1_Stream4_IRQHandler
                0x0000000008001c38                I2C1_ER_IRQHandler
                0x0000000008001c38                FMC_IRQHandler
                0x0000000008001c38                LPTIM1_IRQHandler
                0x0000000008001c38                DMA2_Stream6_IRQHandler
                0x0000000008001c38                SAI1_IRQHandler
                0x0000000008001c38                DMA1_Stream3_IRQHandler
 .text.HAL_Init
                0x0000000008001c3a       0x1a ./Drivers/STM32F7xx_HAL_Driver/Src/stm32f7xx_hal.o
                0x0000000008001c3a                HAL_Init
 .text.HAL_InitTick
                0x0000000008001c54       0x60 ./Drivers/STM32F7xx_HAL_Driver/Src/stm32f7xx_hal.o
                0x0000000008001c54                HAL_InitTick
 .text.HAL_IncTick
                0x0000000008001cb4       0x28 ./Drivers/STM32F7xx_HAL_Driver/Src/stm32f7xx_hal.o
                0x0000000008001cb4                HAL_IncTick
 .text.HAL_GetTick
                0x0000000008001cdc       0x18 ./Drivers/STM32F7xx_HAL_Driver/Src/stm32f7xx_hal.o
                0x0000000008001cdc                HAL_GetTick
 .text.HAL_Delay
                0x0000000008001cf4       0x48 ./Drivers/STM32F7xx_HAL_Driver/Src/stm32f7xx_hal.o
                0x0000000008001cf4                HAL_Delay
 .text.HAL_ADC_Init
                0x0000000008001d3c       0x88 ./Drivers/STM32F7xx_HAL_Driver/Src/stm32f7xx_hal_adc.o
                0x0000000008001d3c                HAL_ADC_Init
 .text.HAL_ADC_ConfigChannel
                0x0000000008001dc4      0x2ac ./Drivers/STM32F7xx_HAL_Driver/Src/stm32f7xx_hal_adc.o
                0x0000000008001dc4                HAL_ADC_ConfigChannel
 .text.ADC_Init
                0x0000000008002070      0x1f4 ./Drivers/STM32F7xx_HAL_Driver/Src/stm32f7xx_hal_adc.o
 .text.__NVIC_SetPriorityGrouping
                0x0000000008002264       0x48 ./Drivers/STM32F7xx_HAL_Driver/Src/stm32f7xx_hal_cortex.o
 .text.__NVIC_GetPriorityGrouping
                0x00000000080022ac       0x1c ./Drivers/STM32F7xx_HAL_Driver/Src/stm32f7xx_hal_cortex.o
 .text.__NVIC_EnableIRQ
                0x00000000080022c8       0x3c ./Drivers/STM32F7xx_HAL_Driver/Src/stm32f7xx_hal_cortex.o
 .text.__NVIC_SetPriority
                0x0000000008002304       0x54 ./Drivers/STM32F7xx_HAL_Driver/Src/stm32f7xx_hal_cortex.o
 .text.NVIC_EncodePriority
                0x0000000008002358       0x66 ./Drivers/STM32F7xx_HAL_Driver/Src/stm32f7xx_hal_cortex.o
 *fill*         0x00000000080023be        0x2 
 .text.SysTick_Config
                0x00000000080023c0       0x44 ./Drivers/STM32F7xx_HAL_Driver/Src/stm32f7xx_hal_cortex.o
 .text.HAL_NVIC_SetPriorityGrouping
                0x0000000008002404       0x16 ./Drivers/STM32F7xx_HAL_Driver/Src/stm32f7xx_hal_cortex.o
                0x0000000008002404                HAL_NVIC_SetPriorityGrouping
 .text.HAL_NVIC_SetPriority
                0x000000000800241a       0x38 ./Drivers/STM32F7xx_HAL_Driver/Src/stm32f7xx_hal_cortex.o
                0x000000000800241a                HAL_NVIC_SetPriority
 .text.HAL_NVIC_EnableIRQ
                0x0000000008002452       0x1c ./Drivers/STM32F7xx_HAL_Driver/Src/stm32f7xx_hal_cortex.o
                0x0000000008002452                HAL_NVIC_EnableIRQ
 .text.HAL_SYSTICK_Config
                0x000000000800246e       0x18 ./Drivers/STM32F7xx_HAL_Driver/Src/stm32f7xx_hal_cortex.o
                0x000000000800246e                HAL_SYSTICK_Config
 *fill*         0x0000000008002486        0x2 
 .text.HAL_GPIO_Init
                0x0000000008002488      0x338 ./Drivers/STM32F7xx_HAL_Driver/Src/stm32f7xx_hal_gpio.o
                0x0000000008002488                HAL_GPIO_Init
 .text.HAL_GPIO_WritePin
                0x00000000080027c0       0x32 ./Drivers/STM32F7xx_HAL_Driver/Src/stm32f7xx_hal_gpio.o
                0x00000000080027c0                HAL_GPIO_WritePin
 .text.HAL_GPIO_TogglePin
                0x00000000080027f2       0x34 ./Drivers/STM32F7xx_HAL_Driver/Src/stm32f7xx_hal_gpio.o
                0x00000000080027f2                HAL_GPIO_TogglePin
 *fill*         0x0000000008002826        0x2 
 .text.HAL_I2C_Init
                0x0000000008002828      0x120 ./Drivers/STM32F7xx_HAL_Driver/Src/stm32f7xx_hal_i2c.o
                0x0000000008002828                HAL_I2C_Init
 .text.HAL_I2CEx_ConfigAnalogFilter
                0x0000000008002948       0x96 ./Drivers/STM32F7xx_HAL_Driver/Src/stm32f7xx_hal_i2c_ex.o
                0x0000000008002948                HAL_I2CEx_ConfigAnalogFilter
 .text.HAL_I2CEx_ConfigDigitalFilter
                0x00000000080029de       0x98 ./Drivers/STM32F7xx_HAL_Driver/Src/stm32f7xx_hal_i2c_ex.o
                0x00000000080029de                HAL_I2CEx_ConfigDigitalFilter
 .text.HAL_PCD_Init
                0x0000000008002a76      0x248 ./Drivers/STM32F7xx_HAL_Driver/Src/stm32f7xx_hal_pcd.o
                0x0000000008002a76                HAL_PCD_Init
 .text.HAL_PCD_Start
                0x0000000008002cbe       0x44 ./Drivers/STM32F7xx_HAL_Driver/Src/stm32f7xx_hal_pcd.o
                0x0000000008002cbe                HAL_PCD_Start
 .text.HAL_PCD_IRQHandler
                0x0000000008002d02      0x998 ./Drivers/STM32F7xx_HAL_Driver/Src/stm32f7xx_hal_pcd.o
                0x0000000008002d02                HAL_PCD_IRQHandler
 .text.HAL_PCD_SetAddress
                0x000000000800369a       0x4a ./Drivers/STM32F7xx_HAL_Driver/Src/stm32f7xx_hal_pcd.o
                0x000000000800369a                HAL_PCD_SetAddress
 .text.HAL_PCD_EP_Open
                0x00000000080036e4       0xd0 ./Drivers/STM32F7xx_HAL_Driver/Src/stm32f7xx_hal_pcd.o
                0x00000000080036e4                HAL_PCD_EP_Open
 .text.HAL_PCD_EP_Close
                0x00000000080037b4       0x94 ./Drivers/STM32F7xx_HAL_Driver/Src/stm32f7xx_hal_pcd.o
                0x00000000080037b4                HAL_PCD_EP_Close
 .text.HAL_PCD_EP_Receive
                0x0000000008003848       0x96 ./Drivers/STM32F7xx_HAL_Driver/Src/stm32f7xx_hal_pcd.o
                0x0000000008003848                HAL_PCD_EP_Receive
 .text.HAL_PCD_EP_GetRxCount
                0x00000000080038de       0x30 ./Drivers/STM32F7xx_HAL_Driver/Src/stm32f7xx_hal_pcd.o
                0x00000000080038de                HAL_PCD_EP_GetRxCount
 .text.HAL_PCD_EP_Transmit
                0x000000000800390e       0x94 ./Drivers/STM32F7xx_HAL_Driver/Src/stm32f7xx_hal_pcd.o
                0x000000000800390e                HAL_PCD_EP_Transmit
 .text.HAL_PCD_EP_SetStall
                0x00000000080039a2       0xc8 ./Drivers/STM32F7xx_HAL_Driver/Src/stm32f7xx_hal_pcd.o
                0x00000000080039a2                HAL_PCD_EP_SetStall
 .text.HAL_PCD_EP_ClrStall
                0x0000000008003a6a       0xac ./Drivers/STM32F7xx_HAL_Driver/Src/stm32f7xx_hal_pcd.o
                0x0000000008003a6a                HAL_PCD_EP_ClrStall
 .text.HAL_PCD_EP_Abort
                0x0000000008003b16       0x62 ./Drivers/STM32F7xx_HAL_Driver/Src/stm32f7xx_hal_pcd.o
                0x0000000008003b16                HAL_PCD_EP_Abort
 .text.PCD_WriteEmptyTxFifo
                0x0000000008003b78      0x11a ./Drivers/STM32F7xx_HAL_Driver/Src/stm32f7xx_hal_pcd.o
 *fill*         0x0000000008003c92        0x2 
 .text.PCD_EP_OutXfrComplete_int
                0x0000000008003c94      0x1d0 ./Drivers/STM32F7xx_HAL_Driver/Src/stm32f7xx_hal_pcd.o
 .text.PCD_EP_OutSetupPacket_int
                0x0000000008003e64       0x8c ./Drivers/STM32F7xx_HAL_Driver/Src/stm32f7xx_hal_pcd.o
 .text.HAL_PCDEx_SetTxFiFo
                0x0000000008003ef0       0x8e ./Drivers/STM32F7xx_HAL_Driver/Src/stm32f7xx_hal_pcd_ex.o
                0x0000000008003ef0                HAL_PCDEx_SetTxFiFo
 .text.HAL_PCDEx_SetRxFiFo
                0x0000000008003f7e       0x22 ./Drivers/STM32F7xx_HAL_Driver/Src/stm32f7xx_hal_pcd_ex.o
                0x0000000008003f7e                HAL_PCDEx_SetRxFiFo
 .text.HAL_PCDEx_ActivateLPM
                0x0000000008003fa0       0x48 ./Drivers/STM32F7xx_HAL_Driver/Src/stm32f7xx_hal_pcd_ex.o
                0x0000000008003fa0                HAL_PCDEx_ActivateLPM
 .text.HAL_RCC_DeInit
                0x0000000008003fe8      0x1c0 ./Drivers/STM32F7xx_HAL_Driver/Src/stm32f7xx_hal_rcc.o
                0x0000000008003fe8                HAL_RCC_DeInit
 .text.HAL_RCC_OscConfig
                0x00000000080041a8      0x548 ./Drivers/STM32F7xx_HAL_Driver/Src/stm32f7xx_hal_rcc.o
                0x00000000080041a8                HAL_RCC_OscConfig
 .text.HAL_RCC_ClockConfig
                0x00000000080046f0      0x1d8 ./Drivers/STM32F7xx_HAL_Driver/Src/stm32f7xx_hal_rcc.o
                0x00000000080046f0                HAL_RCC_ClockConfig
 .text.HAL_RCC_GetSysClockFreq
                0x00000000080048c8      0x20c ./Drivers/STM32F7xx_HAL_Driver/Src/stm32f7xx_hal_rcc.o
                0x00000000080048c8                HAL_RCC_GetSysClockFreq
 .text.HAL_RCC_GetHCLKFreq
                0x0000000008004ad4       0x18 ./Drivers/STM32F7xx_HAL_Driver/Src/stm32f7xx_hal_rcc.o
                0x0000000008004ad4                HAL_RCC_GetHCLKFreq
 .text.HAL_RCC_GetPCLK1Freq
                0x0000000008004aec       0x28 ./Drivers/STM32F7xx_HAL_Driver/Src/stm32f7xx_hal_rcc.o
                0x0000000008004aec                HAL_RCC_GetPCLK1Freq
 .text.HAL_RCC_GetPCLK2Freq
                0x0000000008004b14       0x28 ./Drivers/STM32F7xx_HAL_Driver/Src/stm32f7xx_hal_rcc.o
                0x0000000008004b14                HAL_RCC_GetPCLK2Freq
 .text.HAL_RCCEx_PeriphCLKConfig
                0x0000000008004b3c      0x694 ./Drivers/STM32F7xx_HAL_Driver/Src/stm32f7xx_hal_rcc_ex.o
                0x0000000008004b3c                HAL_RCCEx_PeriphCLKConfig
 .text.HAL_SPI_Init
                0x00000000080051d0      0x156 ./Drivers/STM32F7xx_HAL_Driver/Src/stm32f7xx_hal_spi.o
                0x00000000080051d0                HAL_SPI_Init
 .text.HAL_SPI_Transmit
                0x0000000008005326      0x2dc ./Drivers/STM32F7xx_HAL_Driver/Src/stm32f7xx_hal_spi.o
                0x0000000008005326                HAL_SPI_Transmit
 .text.HAL_SPI_Receive
                0x0000000008005602      0x260 ./Drivers/STM32F7xx_HAL_Driver/Src/stm32f7xx_hal_spi.o
                0x0000000008005602                HAL_SPI_Receive
 .text.HAL_SPI_TransmitReceive
                0x0000000008005862      0x426 ./Drivers/STM32F7xx_HAL_Driver/Src/stm32f7xx_hal_spi.o
                0x0000000008005862                HAL_SPI_TransmitReceive
 .text.SPI_WaitFlagStateUntilTimeout
                0x0000000008005c88      0x110 ./Drivers/STM32F7xx_HAL_Driver/Src/stm32f7xx_hal_spi.o
 .text.SPI_WaitFifoStateUntilTimeout
                0x0000000008005d98      0x12c ./Drivers/STM32F7xx_HAL_Driver/Src/stm32f7xx_hal_spi.o
 .text.SPI_EndRxTransaction
                0x0000000008005ec4       0xf8 ./Drivers/STM32F7xx_HAL_Driver/Src/stm32f7xx_hal_spi.o
 .text.SPI_EndRxTxTransaction
                0x0000000008005fbc       0xd4 ./Drivers/STM32F7xx_HAL_Driver/Src/stm32f7xx_hal_spi.o
 .text.HAL_UART_Init
                0x0000000008006090       0x9c ./Drivers/STM32F7xx_HAL_Driver/Src/stm32f7xx_hal_uart.o
                0x0000000008006090                HAL_UART_Init
 .text.UART_SetConfig
                0x000000000800612c      0x4c8 ./Drivers/STM32F7xx_HAL_Driver/Src/stm32f7xx_hal_uart.o
                0x000000000800612c                UART_SetConfig
 .text.UART_AdvFeatureConfig
                0x00000000080065f4      0x144 ./Drivers/STM32F7xx_HAL_Driver/Src/stm32f7xx_hal_uart.o
                0x00000000080065f4                UART_AdvFeatureConfig
 .text.UART_CheckIdleState
                0x0000000008006738       0x6e ./Drivers/STM32F7xx_HAL_Driver/Src/stm32f7xx_hal_uart.o
                0x0000000008006738                UART_CheckIdleState
 .text.UART_WaitOnFlagUntilTimeout
                0x00000000080067a6      0x18c ./Drivers/STM32F7xx_HAL_Driver/Src/stm32f7xx_hal_uart.o
                0x00000000080067a6                UART_WaitOnFlagUntilTimeout
 *fill*         0x0000000008006932        0x2 
 .text.USB_CoreInit
                0x0000000008006934      0x110 ./Drivers/STM32F7xx_HAL_Driver/Src/stm32f7xx_ll_usb.o
                0x0000000008006934                USB_CoreInit
 .text.USB_SetTurnaroundTime
                0x0000000008006a44      0x144 ./Drivers/STM32F7xx_HAL_Driver/Src/stm32f7xx_ll_usb.o
                0x0000000008006a44                USB_SetTurnaroundTime
 .text.USB_EnableGlobalInt
                0x0000000008006b88       0x22 ./Drivers/STM32F7xx_HAL_Driver/Src/stm32f7xx_ll_usb.o
                0x0000000008006b88                USB_EnableGlobalInt
 .text.USB_DisableGlobalInt
                0x0000000008006baa       0x22 ./Drivers/STM32F7xx_HAL_Driver/Src/stm32f7xx_ll_usb.o
                0x0000000008006baa                USB_DisableGlobalInt
 .text.USB_SetCurrentMode
                0x0000000008006bcc       0x98 ./Drivers/STM32F7xx_HAL_Driver/Src/stm32f7xx_ll_usb.o
                0x0000000008006bcc                USB_SetCurrentMode
 .text.USB_DevInit
                0x0000000008006c64      0x2dc ./Drivers/STM32F7xx_HAL_Driver/Src/stm32f7xx_ll_usb.o
                0x0000000008006c64                USB_DevInit
 .text.USB_FlushTxFifo
                0x0000000008006f40       0x68 ./Drivers/STM32F7xx_HAL_Driver/Src/stm32f7xx_ll_usb.o
                0x0000000008006f40                USB_FlushTxFifo
 .text.USB_FlushRxFifo
                0x0000000008006fa8       0x60 ./Drivers/STM32F7xx_HAL_Driver/Src/stm32f7xx_ll_usb.o
                0x0000000008006fa8                USB_FlushRxFifo
 .text.USB_SetDevSpeed
                0x0000000008007008       0x32 ./Drivers/STM32F7xx_HAL_Driver/Src/stm32f7xx_ll_usb.o
                0x0000000008007008                USB_SetDevSpeed
 .text.USB_GetDevSpeed
                0x000000000800703a       0x4a ./Drivers/STM32F7xx_HAL_Driver/Src/stm32f7xx_ll_usb.o
                0x000000000800703a                USB_GetDevSpeed
 .text.USB_ActivateEndpoint
                0x0000000008007084      0x110 ./Drivers/STM32F7xx_HAL_Driver/Src/stm32f7xx_ll_usb.o
                0x0000000008007084                USB_ActivateEndpoint
 .text.USB_DeactivateEndpoint
                0x0000000008007194      0x1b8 ./Drivers/STM32F7xx_HAL_Driver/Src/stm32f7xx_ll_usb.o
                0x0000000008007194                USB_DeactivateEndpoint
 .text.USB_EPStartXfer
                0x000000000800734c      0x4a0 ./Drivers/STM32F7xx_HAL_Driver/Src/stm32f7xx_ll_usb.o
                0x000000000800734c                USB_EPStartXfer
 .text.USB_EP0StartXfer
                0x00000000080077ec      0x2b8 ./Drivers/STM32F7xx_HAL_Driver/Src/stm32f7xx_ll_usb.o
                0x00000000080077ec                USB_EP0StartXfer
 .text.USB_EPStopXfer
                0x0000000008007aa4      0x154 ./Drivers/STM32F7xx_HAL_Driver/Src/stm32f7xx_ll_usb.o
                0x0000000008007aa4                USB_EPStopXfer
 .text.USB_WritePacket
                0x0000000008007bf8       0x7c ./Drivers/STM32F7xx_HAL_Driver/Src/stm32f7xx_ll_usb.o
                0x0000000008007bf8                USB_WritePacket
 .text.USB_ReadPacket
                0x0000000008007c74       0xb0 ./Drivers/STM32F7xx_HAL_Driver/Src/stm32f7xx_ll_usb.o
                0x0000000008007c74                USB_ReadPacket
 .text.USB_EPSetStall
                0x0000000008007d24       0xdc ./Drivers/STM32F7xx_HAL_Driver/Src/stm32f7xx_ll_usb.o
                0x0000000008007d24                USB_EPSetStall
 .text.USB_EPClearStall
                0x0000000008007e00       0xcc ./Drivers/STM32F7xx_HAL_Driver/Src/stm32f7xx_ll_usb.o
                0x0000000008007e00                USB_EPClearStall
 .text.USB_SetDevAddress
                0x0000000008007ecc       0x4c ./Drivers/STM32F7xx_HAL_Driver/Src/stm32f7xx_ll_usb.o
                0x0000000008007ecc                USB_SetDevAddress
 .text.USB_DevConnect
                0x0000000008007f18       0x42 ./Drivers/STM32F7xx_HAL_Driver/Src/stm32f7xx_ll_usb.o
                0x0000000008007f18                USB_DevConnect
 .text.USB_DevDisconnect
                0x0000000008007f5a       0x42 ./Drivers/STM32F7xx_HAL_Driver/Src/stm32f7xx_ll_usb.o
                0x0000000008007f5a                USB_DevDisconnect
 .text.USB_ReadInterrupts
                0x0000000008007f9c       0x26 ./Drivers/STM32F7xx_HAL_Driver/Src/stm32f7xx_ll_usb.o
                0x0000000008007f9c                USB_ReadInterrupts
 .text.USB_ReadDevAllOutEpInterrupt
                0x0000000008007fc2       0x34 ./Drivers/STM32F7xx_HAL_Driver/Src/stm32f7xx_ll_usb.o
                0x0000000008007fc2                USB_ReadDevAllOutEpInterrupt
 .text.USB_ReadDevAllInEpInterrupt
                0x0000000008007ff6       0x34 ./Drivers/STM32F7xx_HAL_Driver/Src/stm32f7xx_ll_usb.o
                0x0000000008007ff6                USB_ReadDevAllInEpInterrupt
 .text.USB_ReadDevOutEPInterrupt
                0x000000000800802a       0x3c ./Drivers/STM32F7xx_HAL_Driver/Src/stm32f7xx_ll_usb.o
                0x000000000800802a                USB_ReadDevOutEPInterrupt
 .text.USB_ReadDevInEPInterrupt
                0x0000000008008066       0x5c ./Drivers/STM32F7xx_HAL_Driver/Src/stm32f7xx_ll_usb.o
                0x0000000008008066                USB_ReadDevInEPInterrupt
 .text.USB_GetMode
                0x00000000080080c2       0x1c ./Drivers/STM32F7xx_HAL_Driver/Src/stm32f7xx_ll_usb.o
                0x00000000080080c2                USB_GetMode
 *fill*         0x00000000080080de        0x2 
 .text.USB_ActivateSetup
                0x00000000080080e0       0x48 ./Drivers/STM32F7xx_HAL_Driver/Src/stm32f7xx_ll_usb.o
                0x00000000080080e0                USB_ActivateSetup
 .text.USB_EP0_OutStart
                0x0000000008008128       0xbc ./Drivers/STM32F7xx_HAL_Driver/Src/stm32f7xx_ll_usb.o
                0x0000000008008128                USB_EP0_OutStart
 .text.USB_CoreReset
                0x00000000080081e4       0x68 ./Drivers/STM32F7xx_HAL_Driver/Src/stm32f7xx_ll_usb.o
 .text.MX_FATFS_Init
                0x000000000800824c       0x24 ./FATFS/App/fatfs.o
                0x000000000800824c                MX_FATFS_Init
 .text.get_fattime
                0x0000000008008270       0x10 ./FATFS/App/fatfs.o
                0x0000000008008270                get_fattime
 .text.USER_initialize
                0x0000000008008280       0x1c ./FATFS/Target/user_diskio.o
                0x0000000008008280                USER_initialize
 .text.USER_status
                0x000000000800829c       0x1c ./FATFS/Target/user_diskio.o
                0x000000000800829c                USER_status
 .text.USER_read
                0x00000000080082b8       0x26 ./FATFS/Target/user_diskio.o
                0x00000000080082b8                USER_read
 .text.USER_write
                0x00000000080082de       0x26 ./FATFS/Target/user_diskio.o
                0x00000000080082de                USER_write
 .text.USER_ioctl
                0x0000000008008304       0x26 ./FATFS/Target/user_diskio.o
                0x0000000008008304                USER_ioctl
 *fill*         0x000000000800832a        0x2 
 .text.SPI_Timer_On
                0x000000000800832c       0x28 ./FATFS/Target/user_diskio_spi.o
                0x000000000800832c                SPI_Timer_On
 .text.SPI_Timer_Status
                0x0000000008008354       0x2c ./FATFS/Target/user_diskio_spi.o
                0x0000000008008354                SPI_Timer_Status
 .text.xchg_spi
                0x0000000008008380       0x2c ./FATFS/Target/user_diskio_spi.o
 .text.rcvr_spi_multi
                0x00000000080083ac       0x38 ./FATFS/Target/user_diskio_spi.o
 .text.xmit_spi_multi
                0x00000000080083e4       0x28 ./FATFS/Target/user_diskio_spi.o
 .text.wait_ready
                0x000000000800840c       0x46 ./FATFS/Target/user_diskio_spi.o
 *fill*         0x0000000008008452        0x2 
 .text.despiselect
                0x0000000008008454       0x1c ./FATFS/Target/user_diskio_spi.o
 .text.spiselect
                0x0000000008008470       0x34 ./FATFS/Target/user_diskio_spi.o
 .text.rcvr_datablock
                0x00000000080084a4       0x52 ./FATFS/Target/user_diskio_spi.o
 .text.xmit_datablock
                0x00000000080084f6       0x64 ./FATFS/Target/user_diskio_spi.o
 .text.send_cmd
                0x000000000800855a       0xde ./FATFS/Target/user_diskio_spi.o
 .text.USER_SPI_initialize
                0x0000000008008638      0x1d8 ./FATFS/Target/user_diskio_spi.o
                0x0000000008008638                USER_SPI_initialize
 .text.USER_SPI_status
                0x0000000008008810       0x2c ./FATFS/Target/user_diskio_spi.o
                0x0000000008008810                USER_SPI_status
 .text.USER_SPI_read
                0x000000000800883c       0xcc ./FATFS/Target/user_diskio_spi.o
                0x000000000800883c                USER_SPI_read
 .text.USER_SPI_write
                0x0000000008008908       0xf8 ./FATFS/Target/user_diskio_spi.o
                0x0000000008008908                USER_SPI_write
 .text.USER_SPI_ioctl
                0x0000000008008a00      0x2e0 ./FATFS/Target/user_diskio_spi.o
                0x0000000008008a00                USER_SPI_ioctl
 .text.USBD_CDC_Init
                0x0000000008008ce0      0x1f0 ./Middlewares/ST/STM32_USB_Device_Library/Class/CDC/Src/usbd_cdc.o
 .text.USBD_CDC_DeInit
                0x0000000008008ed0      0x104 ./Middlewares/ST/STM32_USB_Device_Library/Class/CDC/Src/usbd_cdc.o
 .text.USBD_CDC_Setup
                0x0000000008008fd4      0x1b8 ./Middlewares/ST/STM32_USB_Device_Library/Class/CDC/Src/usbd_cdc.o
 .text.USBD_CDC_DataIn
                0x000000000800918c       0xfe ./Middlewares/ST/STM32_USB_Device_Library/Class/CDC/Src/usbd_cdc.o
 .text.USBD_CDC_DataOut
                0x000000000800928a       0x70 ./Middlewares/ST/STM32_USB_Device_Library/Class/CDC/Src/usbd_cdc.o
 .text.USBD_CDC_EP0_RxReady
                0x00000000080092fa       0x76 ./Middlewares/ST/STM32_USB_Device_Library/Class/CDC/Src/usbd_cdc.o
 .text.USBD_CDC_GetFSCfgDesc
                0x0000000008009370       0x70 ./Middlewares/ST/STM32_USB_Device_Library/Class/CDC/Src/usbd_cdc.o
 .text.USBD_CDC_GetHSCfgDesc
                0x00000000080093e0       0x70 ./Middlewares/ST/STM32_USB_Device_Library/Class/CDC/Src/usbd_cdc.o
 .text.USBD_CDC_GetOtherSpeedCfgDesc
                0x0000000008009450       0x70 ./Middlewares/ST/STM32_USB_Device_Library/Class/CDC/Src/usbd_cdc.o
 .text.USBD_CDC_GetDeviceQualifierDescriptor
                0x00000000080094c0       0x20 ./Middlewares/ST/STM32_USB_Device_Library/Class/CDC/Src/usbd_cdc.o
                0x00000000080094c0                USBD_CDC_GetDeviceQualifierDescriptor
 .text.USBD_CDC_RegisterInterface
                0x00000000080094e0       0x34 ./Middlewares/ST/STM32_USB_Device_Library/Class/CDC/Src/usbd_cdc.o
                0x00000000080094e0                USBD_CDC_RegisterInterface
 .text.USBD_CDC_SetTxBuffer
                0x0000000008009514       0x44 ./Middlewares/ST/STM32_USB_Device_Library/Class/CDC/Src/usbd_cdc.o
                0x0000000008009514                USBD_CDC_SetTxBuffer
 .text.USBD_CDC_SetRxBuffer
                0x0000000008009558       0x3a ./Middlewares/ST/STM32_USB_Device_Library/Class/CDC/Src/usbd_cdc.o
                0x0000000008009558                USBD_CDC_SetRxBuffer
 *fill*         0x0000000008009592        0x2 
 .text.USBD_CDC_TransmitPacket
                0x0000000008009594       0x80 ./Middlewares/ST/STM32_USB_Device_Library/Class/CDC/Src/usbd_cdc.o
                0x0000000008009594                USBD_CDC_TransmitPacket
 .text.USBD_CDC_ReceivePacket
                0x0000000008009614       0x6c ./Middlewares/ST/STM32_USB_Device_Library/Class/CDC/Src/usbd_cdc.o
                0x0000000008009614                USBD_CDC_ReceivePacket
 .text.USBD_Init
                0x0000000008009680       0x60 ./Middlewares/ST/STM32_USB_Device_Library/Core/Src/usbd_core.o
                0x0000000008009680                USBD_Init
 .text.USBD_RegisterClass
                0x00000000080096e0       0x6c ./Middlewares/ST/STM32_USB_Device_Library/Core/Src/usbd_core.o
                0x00000000080096e0                USBD_RegisterClass
 .text.USBD_Start
                0x000000000800974c       0x18 ./Middlewares/ST/STM32_USB_Device_Library/Core/Src/usbd_core.o
                0x000000000800974c                USBD_Start
 .text.USBD_RunTestMode
                0x0000000008009764       0x16 ./Middlewares/ST/STM32_USB_Device_Library/Core/Src/usbd_core.o
                0x0000000008009764                USBD_RunTestMode
 .text.USBD_SetClassConfig
                0x000000000800977a       0x38 ./Middlewares/ST/STM32_USB_Device_Library/Core/Src/usbd_core.o
                0x000000000800977a                USBD_SetClassConfig
 .text.USBD_ClrClassConfig
                0x00000000080097b2       0x34 ./Middlewares/ST/STM32_USB_Device_Library/Core/Src/usbd_core.o
                0x00000000080097b2                USBD_ClrClassConfig
 .text.USBD_LL_SetupStage
                0x00000000080097e6       0xaa ./Middlewares/ST/STM32_USB_Device_Library/Core/Src/usbd_core.o
                0x00000000080097e6                USBD_LL_SetupStage
 .text.USBD_LL_DataOutStage
                0x0000000008009890      0x166 ./Middlewares/ST/STM32_USB_Device_Library/Core/Src/usbd_core.o
                0x0000000008009890                USBD_LL_DataOutStage
 .text.USBD_LL_DataInStage
                0x00000000080099f6      0x164 ./Middlewares/ST/STM32_USB_Device_Library/Core/Src/usbd_core.o
                0x00000000080099f6                USBD_LL_DataInStage
 .text.USBD_LL_Reset
                0x0000000008009b5a       0xa4 ./Middlewares/ST/STM32_USB_Device_Library/Core/Src/usbd_core.o
                0x0000000008009b5a                USBD_LL_Reset
 .text.USBD_LL_SetSpeed
                0x0000000008009bfe       0x20 ./Middlewares/ST/STM32_USB_Device_Library/Core/Src/usbd_core.o
                0x0000000008009bfe                USBD_LL_SetSpeed
 .text.USBD_LL_Suspend
                0x0000000008009c1e       0x2c ./Middlewares/ST/STM32_USB_Device_Library/Core/Src/usbd_core.o
                0x0000000008009c1e                USBD_LL_Suspend
 .text.USBD_LL_Resume
                0x0000000008009c4a       0x30 ./Middlewares/ST/STM32_USB_Device_Library/Core/Src/usbd_core.o
                0x0000000008009c4a                USBD_LL_Resume
 .text.USBD_LL_SOF
                0x0000000008009c7a       0x40 ./Middlewares/ST/STM32_USB_Device_Library/Core/Src/usbd_core.o
                0x0000000008009c7a                USBD_LL_SOF
 .text.USBD_LL_IsoINIncomplete
                0x0000000008009cba       0x64 ./Middlewares/ST/STM32_USB_Device_Library/Core/Src/usbd_core.o
                0x0000000008009cba                USBD_LL_IsoINIncomplete
 .text.USBD_LL_IsoOUTIncomplete
                0x0000000008009d1e       0x64 ./Middlewares/ST/STM32_USB_Device_Library/Core/Src/usbd_core.o
                0x0000000008009d1e                USBD_LL_IsoOUTIncomplete
 .text.USBD_LL_DevConnected
                0x0000000008009d82       0x16 ./Middlewares/ST/STM32_USB_Device_Library/Core/Src/usbd_core.o
                0x0000000008009d82                USBD_LL_DevConnected
 .text.USBD_LL_DevDisconnected
                0x0000000008009d98       0x46 ./Middlewares/ST/STM32_USB_Device_Library/Core/Src/usbd_core.o
                0x0000000008009d98                USBD_LL_DevDisconnected
 .text.USBD_CoreFindIF
                0x0000000008009dde       0x1a ./Middlewares/ST/STM32_USB_Device_Library/Core/Src/usbd_core.o
                0x0000000008009dde                USBD_CoreFindIF
 .text.USBD_CoreFindEP
                0x0000000008009df8       0x1a ./Middlewares/ST/STM32_USB_Device_Library/Core/Src/usbd_core.o
                0x0000000008009df8                USBD_CoreFindEP
 .text.USBD_GetEpDesc
                0x0000000008009e12       0x74 ./Middlewares/ST/STM32_USB_Device_Library/Core/Src/usbd_core.o
                0x0000000008009e12                USBD_GetEpDesc
 .text.USBD_GetNextDesc
                0x0000000008009e86       0x3a ./Middlewares/ST/STM32_USB_Device_Library/Core/Src/usbd_core.o
                0x0000000008009e86                USBD_GetNextDesc
 .text.SWAPBYTE
                0x0000000008009ec0       0x3c ./Middlewares/ST/STM32_USB_Device_Library/Core/Src/usbd_ctlreq.o
 .text.USBD_StdDevReq
                0x0000000008009efc       0xe4 ./Middlewares/ST/STM32_USB_Device_Library/Core/Src/usbd_ctlreq.o
                0x0000000008009efc                USBD_StdDevReq
 .text.USBD_StdItfReq
                0x0000000008009fe0       0xd8 ./Middlewares/ST/STM32_USB_Device_Library/Core/Src/usbd_ctlreq.o
                0x0000000008009fe0                USBD_StdItfReq
 .text.USBD_StdEPReq
                0x000000000800a0b8      0x33a ./Middlewares/ST/STM32_USB_Device_Library/Core/Src/usbd_ctlreq.o
                0x000000000800a0b8                USBD_StdEPReq
 *fill*         0x000000000800a3f2        0x2 
 .text.USBD_GetDescriptor
                0x000000000800a3f4      0x328 ./Middlewares/ST/STM32_USB_Device_Library/Core/Src/usbd_ctlreq.o
 .text.USBD_SetAddress
                0x000000000800a71c       0x88 ./Middlewares/ST/STM32_USB_Device_Library/Core/Src/usbd_ctlreq.o
 .text.USBD_SetConfig
                0x000000000800a7a4      0x154 ./Middlewares/ST/STM32_USB_Device_Library/Core/Src/usbd_ctlreq.o
 .text.USBD_GetConfig
                0x000000000800a8f8       0x6c ./Middlewares/ST/STM32_USB_Device_Library/Core/Src/usbd_ctlreq.o
 .text.USBD_GetStatus
                0x000000000800a964       0x68 ./Middlewares/ST/STM32_USB_Device_Library/Core/Src/usbd_ctlreq.o
 .text.USBD_SetFeature
                0x000000000800a9cc       0x52 ./Middlewares/ST/STM32_USB_Device_Library/Core/Src/usbd_ctlreq.o
 .text.USBD_ClrFeature
                0x000000000800aa1e       0x44 ./Middlewares/ST/STM32_USB_Device_Library/Core/Src/usbd_ctlreq.o
 .text.USBD_ParseSetupRequest
                0x000000000800aa62       0x74 ./Middlewares/ST/STM32_USB_Device_Library/Core/Src/usbd_ctlreq.o
                0x000000000800aa62                USBD_ParseSetupRequest
 .text.USBD_CtlError
                0x000000000800aad6       0x22 ./Middlewares/ST/STM32_USB_Device_Library/Core/Src/usbd_ctlreq.o
                0x000000000800aad6                USBD_CtlError
 .text.USBD_GetString
                0x000000000800aaf8       0x8c ./Middlewares/ST/STM32_USB_Device_Library/Core/Src/usbd_ctlreq.o
                0x000000000800aaf8                USBD_GetString
 .text.USBD_GetLen
                0x000000000800ab84       0x34 ./Middlewares/ST/STM32_USB_Device_Library/Core/Src/usbd_ctlreq.o
 .text.USBD_CtlSendData
                0x000000000800abb8       0x36 ./Middlewares/ST/STM32_USB_Device_Library/Core/Src/usbd_ioreq.o
                0x000000000800abb8                USBD_CtlSendData
 .text.USBD_CtlContinueSendData
                0x000000000800abee       0x22 ./Middlewares/ST/STM32_USB_Device_Library/Core/Src/usbd_ioreq.o
                0x000000000800abee                USBD_CtlContinueSendData
 .text.USBD_CtlPrepareRx
                0x000000000800ac10       0x3a ./Middlewares/ST/STM32_USB_Device_Library/Core/Src/usbd_ioreq.o
                0x000000000800ac10                USBD_CtlPrepareRx
 .text.USBD_CtlContinueRx
                0x000000000800ac4a       0x22 ./Middlewares/ST/STM32_USB_Device_Library/Core/Src/usbd_ioreq.o
                0x000000000800ac4a                USBD_CtlContinueRx
 .text.USBD_CtlSendStatus
                0x000000000800ac6c       0x26 ./Middlewares/ST/STM32_USB_Device_Library/Core/Src/usbd_ioreq.o
                0x000000000800ac6c                USBD_CtlSendStatus
 .text.USBD_CtlReceiveStatus
                0x000000000800ac92       0x26 ./Middlewares/ST/STM32_USB_Device_Library/Core/Src/usbd_ioreq.o
                0x000000000800ac92                USBD_CtlReceiveStatus
 .text.disk_status
                0x000000000800acb8       0x34 ./Middlewares/Third_Party/FatFs/src/diskio.o
                0x000000000800acb8                disk_status
 .text.disk_initialize
                0x000000000800acec       0x4c ./Middlewares/Third_Party/FatFs/src/diskio.o
                0x000000000800acec                disk_initialize
 .text.disk_read
                0x000000000800ad38       0x40 ./Middlewares/Third_Party/FatFs/src/diskio.o
                0x000000000800ad38                disk_read
 .text.disk_write
                0x000000000800ad78       0x40 ./Middlewares/Third_Party/FatFs/src/diskio.o
                0x000000000800ad78                disk_write
 .text.disk_ioctl
                0x000000000800adb8       0x3c ./Middlewares/Third_Party/FatFs/src/diskio.o
                0x000000000800adb8                disk_ioctl
 .text.ld_word  0x000000000800adf4       0x30 ./Middlewares/Third_Party/FatFs/src/ff.o
 .text.ld_dword
                0x000000000800ae24       0x46 ./Middlewares/Third_Party/FatFs/src/ff.o
 .text.st_word  0x000000000800ae6a       0x36 ./Middlewares/Third_Party/FatFs/src/ff.o
 .text.st_dword
                0x000000000800aea0       0x58 ./Middlewares/Third_Party/FatFs/src/ff.o
 .text.mem_cpy  0x000000000800aef8       0x42 ./Middlewares/Third_Party/FatFs/src/ff.o
 .text.mem_set  0x000000000800af3a       0x36 ./Middlewares/Third_Party/FatFs/src/ff.o
 .text.mem_cmp  0x000000000800af70       0x4e ./Middlewares/Third_Party/FatFs/src/ff.o
 .text.chk_chr  0x000000000800afbe       0x36 ./Middlewares/Third_Party/FatFs/src/ff.o
 .text.chk_lock
                0x000000000800aff4       0xb8 ./Middlewares/Third_Party/FatFs/src/ff.o
 .text.enq_lock
                0x000000000800b0ac       0x44 ./Middlewares/Third_Party/FatFs/src/ff.o
 .text.inc_lock
                0x000000000800b0f0      0x11c ./Middlewares/Third_Party/FatFs/src/ff.o
 .text.dec_lock
                0x000000000800b20c       0x78 ./Middlewares/Third_Party/FatFs/src/ff.o
 .text.clear_lock
                0x000000000800b284       0x48 ./Middlewares/Third_Party/FatFs/src/ff.o
 .text.sync_window
                0x000000000800b2cc       0x88 ./Middlewares/Third_Party/FatFs/src/ff.o
 .text.move_window
                0x000000000800b354       0x5a ./Middlewares/Third_Party/FatFs/src/ff.o
 *fill*         0x000000000800b3ae        0x2 
 .text.sync_fs  0x000000000800b3b0       0xdc ./Middlewares/Third_Party/FatFs/src/ff.o
 .text.clust2sect
                0x000000000800b48c       0x3e ./Middlewares/Third_Party/FatFs/src/ff.o
 .text.get_fat  0x000000000800b4ca      0x150 ./Middlewares/Third_Party/FatFs/src/ff.o
 .text.put_fat  0x000000000800b61a      0x1d4 ./Middlewares/Third_Party/FatFs/src/ff.o
 .text.remove_chain
                0x000000000800b7ee       0xca ./Middlewares/Third_Party/FatFs/src/ff.o
 .text.create_chain
                0x000000000800b8b8      0x130 ./Middlewares/Third_Party/FatFs/src/ff.o
 .text.clmt_clust
                0x000000000800b9e8       0x68 ./Middlewares/Third_Party/FatFs/src/ff.o
 .text.dir_sdi  0x000000000800ba50       0xf6 ./Middlewares/Third_Party/FatFs/src/ff.o
 .text.dir_next
                0x000000000800bb46      0x18a ./Middlewares/Third_Party/FatFs/src/ff.o
 .text.dir_alloc
                0x000000000800bcd0       0x8e ./Middlewares/Third_Party/FatFs/src/ff.o
 .text.ld_clust
                0x000000000800bd5e       0x3e ./Middlewares/Third_Party/FatFs/src/ff.o
 .text.st_clust
                0x000000000800bd9c       0x40 ./Middlewares/Third_Party/FatFs/src/ff.o
 .text.dir_find
                0x000000000800bddc       0xaa ./Middlewares/Third_Party/FatFs/src/ff.o
 .text.dir_register
                0x000000000800be86       0x64 ./Middlewares/Third_Party/FatFs/src/ff.o
 *fill*         0x000000000800beea        0x2 
 .text.create_name
                0x000000000800beec      0x128 ./Middlewares/Third_Party/FatFs/src/ff.o
 .text.follow_path
                0x000000000800c014       0xe2 ./Middlewares/Third_Party/FatFs/src/ff.o
 .text.get_ldnumber
                0x000000000800c0f6       0x88 ./Middlewares/Third_Party/FatFs/src/ff.o
 *fill*         0x000000000800c17e        0x2 
 .text.check_fs
                0x000000000800c180       0xac ./Middlewares/Third_Party/FatFs/src/ff.o
 .text.find_volume
                0x000000000800c22c      0x498 ./Middlewares/Third_Party/FatFs/src/ff.o
 .text.validate
                0x000000000800c6c4       0x6a ./Middlewares/Third_Party/FatFs/src/ff.o
 *fill*         0x000000000800c72e        0x2 
 .text.f_mount  0x000000000800c730       0x8c ./Middlewares/Third_Party/FatFs/src/ff.o
                0x000000000800c730                f_mount
 .text.f_open   0x000000000800c7bc      0x37c ./Middlewares/Third_Party/FatFs/src/ff.o
                0x000000000800c7bc                f_open
 .text.f_read   0x000000000800cb38      0x27e ./Middlewares/Third_Party/FatFs/src/ff.o
                0x000000000800cb38                f_read
 .text.f_write  0x000000000800cdb6      0x2ea ./Middlewares/Third_Party/FatFs/src/ff.o
                0x000000000800cdb6                f_write
 .text.f_sync   0x000000000800d0a0       0xfc ./Middlewares/Third_Party/FatFs/src/ff.o
                0x000000000800d0a0                f_sync
 .text.f_close  0x000000000800d19c       0x54 ./Middlewares/Third_Party/FatFs/src/ff.o
                0x000000000800d19c                f_close
 .text.f_getfree
                0x000000000800d1f0      0x16a ./Middlewares/Third_Party/FatFs/src/ff.o
                0x000000000800d1f0                f_getfree
 .text.f_gets   0x000000000800d35a       0x7a ./Middlewares/Third_Party/FatFs/src/ff.o
                0x000000000800d35a                f_gets
 .text.FATFS_LinkDriverEx
                0x000000000800d3d4       0x98 ./Middlewares/Third_Party/FatFs/src/ff_gen_drv.o
                0x000000000800d3d4                FATFS_LinkDriverEx
 .text.FATFS_LinkDriver
                0x000000000800d46c       0x1e ./Middlewares/Third_Party/FatFs/src/ff_gen_drv.o
                0x000000000800d46c                FATFS_LinkDriver
 *fill*         0x000000000800d48a        0x2 
 .text.MX_USB_DEVICE_Init
                0x000000000800d48c       0x60 ./USB_DEVICE/App/usb_device.o
                0x000000000800d48c                MX_USB_DEVICE_Init
 .text.CDC_Init_FS
                0x000000000800d4ec       0x28 ./USB_DEVICE/App/usbd_cdc_if.o
 .text.CDC_DeInit_FS
                0x000000000800d514       0x10 ./USB_DEVICE/App/usbd_cdc_if.o
 .text.CDC_Control_FS
                0x000000000800d524       0xbc ./USB_DEVICE/App/usbd_cdc_if.o
 .text.CDC_Receive_FS
                0x000000000800d5e0       0x78 ./USB_DEVICE/App/usbd_cdc_if.o
 .text.CDC_Transmit_FS
                0x000000000800d658       0x4c ./USB_DEVICE/App/usbd_cdc_if.o
                0x000000000800d658                CDC_Transmit_FS
 .text.CDC_TransmitCplt_FS
                0x000000000800d6a4       0x22 ./USB_DEVICE/App/usbd_cdc_if.o
 *fill*         0x000000000800d6c6        0x2 
 .text.USBD_FS_DeviceDescriptor
                0x000000000800d6c8       0x24 ./USB_DEVICE/App/usbd_desc.o
                0x000000000800d6c8                USBD_FS_DeviceDescriptor
 .text.USBD_FS_LangIDStrDescriptor
                0x000000000800d6ec       0x24 ./USB_DEVICE/App/usbd_desc.o
                0x000000000800d6ec                USBD_FS_LangIDStrDescriptor
 .text.USBD_FS_ProductStrDescriptor
                0x000000000800d710       0x3c ./USB_DEVICE/App/usbd_desc.o
                0x000000000800d710                USBD_FS_ProductStrDescriptor
 .text.USBD_FS_ManufacturerStrDescriptor
                0x000000000800d74c       0x28 ./USB_DEVICE/App/usbd_desc.o
                0x000000000800d74c                USBD_FS_ManufacturerStrDescriptor
 .text.USBD_FS_SerialStrDescriptor
                0x000000000800d774       0x24 ./USB_DEVICE/App/usbd_desc.o
                0x000000000800d774                USBD_FS_SerialStrDescriptor
 .text.USBD_FS_ConfigStrDescriptor
                0x000000000800d798       0x3c ./USB_DEVICE/App/usbd_desc.o
                0x000000000800d798                USBD_FS_ConfigStrDescriptor
 .text.USBD_FS_InterfaceStrDescriptor
                0x000000000800d7d4       0x3c ./USB_DEVICE/App/usbd_desc.o
                0x000000000800d7d4                USBD_FS_InterfaceStrDescriptor
 .text.USBD_FS_USR_BOSDescriptor
                0x000000000800d810       0x24 ./USB_DEVICE/App/usbd_desc.o
                0x000000000800d810                USBD_FS_USR_BOSDescriptor
 .text.Get_SerialNum
                0x000000000800d834       0x58 ./USB_DEVICE/App/usbd_desc.o
 .text.IntToUnicode
                0x000000000800d88c       0x7e ./USB_DEVICE/App/usbd_desc.o
 *fill*         0x000000000800d90a        0x2 
 .text.HAL_PCD_MspInit
                0x000000000800d90c       0xe4 ./USB_DEVICE/Target/usbd_conf.o
                0x000000000800d90c                HAL_PCD_MspInit
 .text.HAL_PCD_SetupStageCallback
                0x000000000800d9f0       0x24 ./USB_DEVICE/Target/usbd_conf.o
                0x000000000800d9f0                HAL_PCD_SetupStageCallback
 .text.HAL_PCD_DataOutStageCallback
                0x000000000800da14       0x36 ./USB_DEVICE/Target/usbd_conf.o
                0x000000000800da14                HAL_PCD_DataOutStageCallback
 .text.HAL_PCD_DataInStageCallback
                0x000000000800da4a       0x34 ./USB_DEVICE/Target/usbd_conf.o
                0x000000000800da4a                HAL_PCD_DataInStageCallback
 .text.HAL_PCD_SOFCallback
                0x000000000800da7e       0x1c ./USB_DEVICE/Target/usbd_conf.o
                0x000000000800da7e                HAL_PCD_SOFCallback
 .text.HAL_PCD_ResetCallback
                0x000000000800da9a       0x50 ./USB_DEVICE/Target/usbd_conf.o
                0x000000000800da9a                HAL_PCD_ResetCallback
 *fill*         0x000000000800daea        0x2 
 .text.HAL_PCD_SuspendCallback
                0x000000000800daec       0x4c ./USB_DEVICE/Target/usbd_conf.o
                0x000000000800daec                HAL_PCD_SuspendCallback
 .text.HAL_PCD_ResumeCallback
                0x000000000800db38       0x1c ./USB_DEVICE/Target/usbd_conf.o
                0x000000000800db38                HAL_PCD_ResumeCallback
 .text.HAL_PCD_ISOOUTIncompleteCallback
                0x000000000800db54       0x24 ./USB_DEVICE/Target/usbd_conf.o
                0x000000000800db54                HAL_PCD_ISOOUTIncompleteCallback
 .text.HAL_PCD_ISOINIncompleteCallback
                0x000000000800db78       0x24 ./USB_DEVICE/Target/usbd_conf.o
                0x000000000800db78                HAL_PCD_ISOINIncompleteCallback
 .text.HAL_PCD_ConnectCallback
                0x000000000800db9c       0x1c ./USB_DEVICE/Target/usbd_conf.o
                0x000000000800db9c                HAL_PCD_ConnectCallback
 .text.HAL_PCD_DisconnectCallback
                0x000000000800dbb8       0x1c ./USB_DEVICE/Target/usbd_conf.o
                0x000000000800dbb8                HAL_PCD_DisconnectCallback
 .text.USBD_LL_Init
                0x000000000800dbd4       0xa0 ./USB_DEVICE/Target/usbd_conf.o
                0x000000000800dbd4                USBD_LL_Init
 .text.USBD_LL_Start
                0x000000000800dc74       0x36 ./USB_DEVICE/Target/usbd_conf.o
                0x000000000800dc74                USBD_LL_Start
 .text.USBD_LL_OpenEP
                0x000000000800dcaa       0x4c ./USB_DEVICE/Target/usbd_conf.o
                0x000000000800dcaa                USBD_LL_OpenEP
 .text.USBD_LL_CloseEP
                0x000000000800dcf6       0x3e ./USB_DEVICE/Target/usbd_conf.o
                0x000000000800dcf6                USBD_LL_CloseEP
 .text.USBD_LL_StallEP
                0x000000000800dd34       0x3e ./USB_DEVICE/Target/usbd_conf.o
                0x000000000800dd34                USBD_LL_StallEP
 .text.USBD_LL_ClearStallEP
                0x000000000800dd72       0x3e ./USB_DEVICE/Target/usbd_conf.o
                0x000000000800dd72                USBD_LL_ClearStallEP
 .text.USBD_LL_IsStallEP
                0x000000000800ddb0       0x58 ./USB_DEVICE/Target/usbd_conf.o
                0x000000000800ddb0                USBD_LL_IsStallEP
 .text.USBD_LL_SetUSBAddress
                0x000000000800de08       0x3e ./USB_DEVICE/Target/usbd_conf.o
                0x000000000800de08                USBD_LL_SetUSBAddress
 .text.USBD_LL_Transmit
                0x000000000800de46       0x42 ./USB_DEVICE/Target/usbd_conf.o
                0x000000000800de46                USBD_LL_Transmit
 .text.USBD_LL_PrepareReceive
                0x000000000800de88       0x42 ./USB_DEVICE/Target/usbd_conf.o
                0x000000000800de88                USBD_LL_PrepareReceive
 .text.USBD_LL_GetRxDataSize
                0x000000000800deca       0x26 ./USB_DEVICE/Target/usbd_conf.o
                0x000000000800deca                USBD_LL_GetRxDataSize
 .text.HAL_PCDEx_LPM_Callback
                0x000000000800def0       0x9c ./USB_DEVICE/Target/usbd_conf.o
                0x000000000800def0                HAL_PCDEx_LPM_Callback
 .text.SystemClockConfig_Resume
                0x000000000800df8c        0xc ./USB_DEVICE/Target/usbd_conf.o
 .text.USBD_Get_USB_Status
                0x000000000800df98       0x58 ./USB_DEVICE/Target/usbd_conf.o
                0x000000000800df98                USBD_Get_USB_Status
 .text.malloc   0x000000000800dff0       0x10 C:/ST/STM32CubeIDE_1.14.0/STM32CubeIDE/plugins/com.st.stm32cube.ide.mcu.externaltools.gnu-tools-for-stm32.11.3.rel1.win32_1.1.100.202309141235/tools/bin/../lib/gcc/arm-none-eabi/11.3.1/../../../../arm-none-eabi/lib/thumb/v7e-m+fp/hard\libc_nano.a(libc_a-malloc.o)
                0x000000000800dff0                malloc
 .text.free     0x000000000800e000       0x10 C:/ST/STM32CubeIDE_1.14.0/STM32CubeIDE/plugins/com.st.stm32cube.ide.mcu.externaltools.gnu-tools-for-stm32.11.3.rel1.win32_1.1.100.202309141235/tools/bin/../lib/gcc/arm-none-eabi/11.3.1/../../../../arm-none-eabi/lib/thumb/v7e-m+fp/hard\libc_nano.a(libc_a-malloc.o)
                0x000000000800e000                free
 .text.sbrk_aligned
                0x000000000800e010       0x40 C:/ST/STM32CubeIDE_1.14.0/STM32CubeIDE/plugins/com.st.stm32cube.ide.mcu.externaltools.gnu-tools-for-stm32.11.3.rel1.win32_1.1.100.202309141235/tools/bin/../lib/gcc/arm-none-eabi/11.3.1/../../../../arm-none-eabi/lib/thumb/v7e-m+fp/hard\libc_nano.a(libc_a-mallocr.o)
 .text._malloc_r
                0x000000000800e050      0x100 C:/ST/STM32CubeIDE_1.14.0/STM32CubeIDE/plugins/com.st.stm32cube.ide.mcu.externaltools.gnu-tools-for-stm32.11.3.rel1.win32_1.1.100.202309141235/tools/bin/../lib/gcc/arm-none-eabi/11.3.1/../../../../arm-none-eabi/lib/thumb/v7e-m+fp/hard\libc_nano.a(libc_a-mallocr.o)
                0x000000000800e050                _malloc_r
 .text.__malloc_lock
                0x000000000800e150        0xc C:/ST/STM32CubeIDE_1.14.0/STM32CubeIDE/plugins/com.st.stm32cube.ide.mcu.externaltools.gnu-tools-for-stm32.11.3.rel1.win32_1.1.100.202309141235/tools/bin/../lib/gcc/arm-none-eabi/11.3.1/../../../../arm-none-eabi/lib/thumb/v7e-m+fp/hard\libc_nano.a(libc_a-mlock.o)
                0x000000000800e150                __malloc_lock
 .text.__malloc_unlock
                0x000000000800e15c        0xc C:/ST/STM32CubeIDE_1.14.0/STM32CubeIDE/plugins/com.st.stm32cube.ide.mcu.externaltools.gnu-tools-for-stm32.11.3.rel1.win32_1.1.100.202309141235/tools/bin/../lib/gcc/arm-none-eabi/11.3.1/../../../../arm-none-eabi/lib/thumb/v7e-m+fp/hard\libc_nano.a(libc_a-mlock.o)
                0x000000000800e15c                __malloc_unlock
 .text.toupper  0x000000000800e168       0x14 C:/ST/STM32CubeIDE_1.14.0/STM32CubeIDE/plugins/com.st.stm32cube.ide.mcu.externaltools.gnu-tools-for-stm32.11.3.rel1.win32_1.1.100.202309141235/tools/bin/../lib/gcc/arm-none-eabi/11.3.1/../../../../arm-none-eabi/lib/thumb/v7e-m+fp/hard\libc_nano.a(libc_a-toupper.o)
                0x000000000800e168                toupper
 .text.sprintf  0x000000000800e17c       0x40 C:/ST/STM32CubeIDE_1.14.0/STM32CubeIDE/plugins/com.st.stm32cube.ide.mcu.externaltools.gnu-tools-for-stm32.11.3.rel1.win32_1.1.100.202309141235/tools/bin/../lib/gcc/arm-none-eabi/11.3.1/../../../../arm-none-eabi/lib/thumb/v7e-m+fp/hard\libc_nano.a(libc_a-sprintf.o)
                0x000000000800e17c                siprintf
                0x000000000800e17c                sprintf
 .text._vsnprintf_r
                0x000000000800e1bc       0x56 C:/ST/STM32CubeIDE_1.14.0/STM32CubeIDE/plugins/com.st.stm32cube.ide.mcu.externaltools.gnu-tools-for-stm32.11.3.rel1.win32_1.1.100.202309141235/tools/bin/../lib/gcc/arm-none-eabi/11.3.1/../../../../arm-none-eabi/lib/thumb/v7e-m+fp/hard\libc_nano.a(libc_a-vsnprintf.o)
                0x000000000800e1bc                _vsniprintf_r
                0x000000000800e1bc                _vsnprintf_r
 *fill*         0x000000000800e212        0x2 
 .text.vsnprintf
                0x000000000800e214       0x1c C:/ST/STM32CubeIDE_1.14.0/STM32CubeIDE/plugins/com.st.stm32cube.ide.mcu.externaltools.gnu-tools-for-stm32.11.3.rel1.win32_1.1.100.202309141235/tools/bin/../lib/gcc/arm-none-eabi/11.3.1/../../../../arm-none-eabi/lib/thumb/v7e-m+fp/hard\libc_nano.a(libc_a-vsnprintf.o)
                0x000000000800e214                vsniprintf
                0x000000000800e214                vsnprintf
 .text.memset   0x000000000800e230       0x10 C:/ST/STM32CubeIDE_1.14.0/STM32CubeIDE/plugins/com.st.stm32cube.ide.mcu.externaltools.gnu-tools-for-stm32.11.3.rel1.win32_1.1.100.202309141235/tools/bin/../lib/gcc/arm-none-eabi/11.3.1/../../../../arm-none-eabi/lib/thumb/v7e-m+fp/hard\libc_nano.a(libc_a-memset.o)
                0x000000000800e230                memset
 .text._sbrk_r  0x000000000800e240       0x20 C:/ST/STM32CubeIDE_1.14.0/STM32CubeIDE/plugins/com.st.stm32cube.ide.mcu.externaltools.gnu-tools-for-stm32.11.3.rel1.win32_1.1.100.202309141235/tools/bin/../lib/gcc/arm-none-eabi/11.3.1/../../../../arm-none-eabi/lib/thumb/v7e-m+fp/hard\libc_nano.a(libc_a-sbrkr.o)
                0x000000000800e240                _sbrk_r
 .text.__errno  0x000000000800e260        0xc C:/ST/STM32CubeIDE_1.14.0/STM32CubeIDE/plugins/com.st.stm32cube.ide.mcu.externaltools.gnu-tools-for-stm32.11.3.rel1.win32_1.1.100.202309141235/tools/bin/../lib/gcc/arm-none-eabi/11.3.1/../../../../arm-none-eabi/lib/thumb/v7e-m+fp/hard\libc_nano.a(libc_a-errno.o)
                0x000000000800e260                __errno
 .text.__libc_init_array
                0x000000000800e26c       0x48 C:/ST/STM32CubeIDE_1.14.0/STM32CubeIDE/plugins/com.st.stm32cube.ide.mcu.externaltools.gnu-tools-for-stm32.11.3.rel1.win32_1.1.100.202309141235/tools/bin/../lib/gcc/arm-none-eabi/11.3.1/../../../../arm-none-eabi/lib/thumb/v7e-m+fp/hard\libc_nano.a(libc_a-init.o)
                0x000000000800e26c                __libc_init_array
 .text.__retarget_lock_acquire_recursive
                0x000000000800e2b4        0x2 C:/ST/STM32CubeIDE_1.14.0/STM32CubeIDE/plugins/com.st.stm32cube.ide.mcu.externaltools.gnu-tools-for-stm32.11.3.rel1.win32_1.1.100.202309141235/tools/bin/../lib/gcc/arm-none-eabi/11.3.1/../../../../arm-none-eabi/lib/thumb/v7e-m+fp/hard\libc_nano.a(libc_a-lock.o)
                0x000000000800e2b4                __retarget_lock_acquire_recursive
 .text.__retarget_lock_release_recursive
                0x000000000800e2b6        0x2 C:/ST/STM32CubeIDE_1.14.0/STM32CubeIDE/plugins/com.st.stm32cube.ide.mcu.externaltools.gnu-tools-for-stm32.11.3.rel1.win32_1.1.100.202309141235/tools/bin/../lib/gcc/arm-none-eabi/11.3.1/../../../../arm-none-eabi/lib/thumb/v7e-m+fp/hard\libc_nano.a(libc_a-lock.o)
                0x000000000800e2b6                __retarget_lock_release_recursive
 .text._free_r  0x000000000800e2b8       0x98 C:/ST/STM32CubeIDE_1.14.0/STM32CubeIDE/plugins/com.st.stm32cube.ide.mcu.externaltools.gnu-tools-for-stm32.11.3.rel1.win32_1.1.100.202309141235/tools/bin/../lib/gcc/arm-none-eabi/11.3.1/../../../../arm-none-eabi/lib/thumb/v7e-m+fp/hard\libc_nano.a(libc_a-freer.o)
                0x000000000800e2b8                _free_r
 .text.__ssputs_r
                0x000000000800e350       0xb4 C:/ST/STM32CubeIDE_1.14.0/STM32CubeIDE/plugins/com.st.stm32cube.ide.mcu.externaltools.gnu-tools-for-stm32.11.3.rel1.win32_1.1.100.202309141235/tools/bin/../lib/gcc/arm-none-eabi/11.3.1/../../../../arm-none-eabi/lib/thumb/v7e-m+fp/hard\libc_nano.a(libc_a-nano-svfprintf.o)
                0x000000000800e350                __ssputs_r
 .text._svfprintf_r
                0x000000000800e404      0x1fc C:/ST/STM32CubeIDE_1.14.0/STM32CubeIDE/plugins/com.st.stm32cube.ide.mcu.externaltools.gnu-tools-for-stm32.11.3.rel1.win32_1.1.100.202309141235/tools/bin/../lib/gcc/arm-none-eabi/11.3.1/../../../../arm-none-eabi/lib/thumb/v7e-m+fp/hard\libc_nano.a(libc_a-nano-svfprintf.o)
                0x000000000800e404                _svfiprintf_r
                0x000000000800e404                _svfprintf_r
 .text._printf_common
                0x000000000800e600       0xda C:/ST/STM32CubeIDE_1.14.0/STM32CubeIDE/plugins/com.st.stm32cube.ide.mcu.externaltools.gnu-tools-for-stm32.11.3.rel1.win32_1.1.100.202309141235/tools/bin/../lib/gcc/arm-none-eabi/11.3.1/../../../../arm-none-eabi/lib/thumb/v7e-m+fp/hard\libc_nano.a(libc_a-nano-vfprintf_i.o)
                0x000000000800e600                _printf_common
 *fill*         0x000000000800e6da        0x2 
 .text._printf_i
                0x000000000800e6dc      0x244 C:/ST/STM32CubeIDE_1.14.0/STM32CubeIDE/plugins/com.st.stm32cube.ide.mcu.externaltools.gnu-tools-for-stm32.11.3.rel1.win32_1.1.100.202309141235/tools/bin/../lib/gcc/arm-none-eabi/11.3.1/../../../../arm-none-eabi/lib/thumb/v7e-m+fp/hard\libc_nano.a(libc_a-nano-vfprintf_i.o)
                0x000000000800e6dc                _printf_i
 .text.memmove  0x000000000800e920       0x34 C:/ST/STM32CubeIDE_1.14.0/STM32CubeIDE/plugins/com.st.stm32cube.ide.mcu.externaltools.gnu-tools-for-stm32.11.3.rel1.win32_1.1.100.202309141235/tools/bin/../lib/gcc/arm-none-eabi/11.3.1/../../../../arm-none-eabi/lib/thumb/v7e-m+fp/hard\libc_nano.a(libc_a-memmove.o)
                0x000000000800e920                memmove
 .text.memcpy   0x000000000800e954       0x1c C:/ST/STM32CubeIDE_1.14.0/STM32CubeIDE/plugins/com.st.stm32cube.ide.mcu.externaltools.gnu-tools-for-stm32.11.3.rel1.win32_1.1.100.202309141235/tools/bin/../lib/gcc/arm-none-eabi/11.3.1/../../../../arm-none-eabi/lib/thumb/v7e-m+fp/hard\libc_nano.a(libc_a-memcpy-stub.o)
                0x000000000800e954                memcpy
 .text._realloc_r
                0x000000000800e970       0x5e C:/ST/STM32CubeIDE_1.14.0/STM32CubeIDE/plugins/com.st.stm32cube.ide.mcu.externaltools.gnu-tools-for-stm32.11.3.rel1.win32_1.1.100.202309141235/tools/bin/../lib/gcc/arm-none-eabi/11.3.1/../../../../arm-none-eabi/lib/thumb/v7e-m+fp/hard\libc_nano.a(libc_a-reallocr.o)
                0x000000000800e970                _realloc_r
 .text._malloc_usable_size_r
                0x000000000800e9ce       0x10 C:/ST/STM32CubeIDE_1.14.0/STM32CubeIDE/plugins/com.st.stm32cube.ide.mcu.externaltools.gnu-tools-for-stm32.11.3.rel1.win32_1.1.100.202309141235/tools/bin/../lib/gcc/arm-none-eabi/11.3.1/../../../../arm-none-eabi/lib/thumb/v7e-m+fp/hard\libc_nano.a(libc_a-msizer.o)
                0x000000000800e9ce                _malloc_usable_size_r
 *(.glue_7)
 .glue_7        0x000000000800e9de        0x0 linker stubs
 *(.glue_7t)
 .glue_7t       0x000000000800e9de        0x0 linker stubs
 *(.eh_frame)
 *fill*         0x000000000800e9de        0x2 
 .eh_frame      0x000000000800e9e0        0x0 C:/ST/STM32CubeIDE_1.14.0/STM32CubeIDE/plugins/com.st.stm32cube.ide.mcu.externaltools.gnu-tools-for-stm32.11.3.rel1.win32_1.1.100.202309141235/tools/bin/../lib/gcc/arm-none-eabi/11.3.1/thumb/v7e-m+fp/hard/crtbegin.o
 *(.init)
 .init          0x000000000800e9e0        0x4 C:/ST/STM32CubeIDE_1.14.0/STM32CubeIDE/plugins/com.st.stm32cube.ide.mcu.externaltools.gnu-tools-for-stm32.11.3.rel1.win32_1.1.100.202309141235/tools/bin/../lib/gcc/arm-none-eabi/11.3.1/thumb/v7e-m+fp/hard/crti.o
                0x000000000800e9e0                _init
 .init          0x000000000800e9e4        0x8 C:/ST/STM32CubeIDE_1.14.0/STM32CubeIDE/plugins/com.st.stm32cube.ide.mcu.externaltools.gnu-tools-for-stm32.11.3.rel1.win32_1.1.100.202309141235/tools/bin/../lib/gcc/arm-none-eabi/11.3.1/thumb/v7e-m+fp/hard/crtn.o
 *(.fini)
 .fini          0x000000000800e9ec        0x4 C:/ST/STM32CubeIDE_1.14.0/STM32CubeIDE/plugins/com.st.stm32cube.ide.mcu.externaltools.gnu-tools-for-stm32.11.3.rel1.win32_1.1.100.202309141235/tools/bin/../lib/gcc/arm-none-eabi/11.3.1/thumb/v7e-m+fp/hard/crti.o
                0x000000000800e9ec                _fini
 .fini          0x000000000800e9f0        0x8 C:/ST/STM32CubeIDE_1.14.0/STM32CubeIDE/plugins/com.st.stm32cube.ide.mcu.externaltools.gnu-tools-for-stm32.11.3.rel1.win32_1.1.100.202309141235/tools/bin/../lib/gcc/arm-none-eabi/11.3.1/thumb/v7e-m+fp/hard/crtn.o
                0x000000000800e9f8                . = ALIGN (0x4)
                0x000000000800e9f8                _etext = .

.vfp11_veneer   0x000000000800e9f8        0x0
 .vfp11_veneer  0x000000000800e9f8        0x0 linker stubs

.v4_bx          0x000000000800e9f8        0x0
 .v4_bx         0x000000000800e9f8        0x0 linker stubs

.iplt           0x000000000800e9f8        0x0
 .iplt          0x000000000800e9f8        0x0 C:/ST/STM32CubeIDE_1.14.0/STM32CubeIDE/plugins/com.st.stm32cube.ide.mcu.externaltools.gnu-tools-for-stm32.11.3.rel1.win32_1.1.100.202309141235/tools/bin/../lib/gcc/arm-none-eabi/11.3.1/thumb/v7e-m+fp/hard/crtbegin.o

.rodata         0x000000000800e9f8      0x5ec
                0x000000000800e9f8                . = ALIGN (0x4)
 *(.rodata)
 .rodata        0x000000000800e9f8      0x391 ./Core/Src/main.o
 *fill*         0x000000000800ed89        0x3 
 .rodata        0x000000000800ed8c       0x44 ./Middlewares/Third_Party/FatFs/src/ff.o
 .rodata        0x000000000800edd0       0x46 ./USB_DEVICE/App/usbd_desc.o
 *(.rodata*)
 *fill*         0x000000000800ee16        0x2 
 .rodata.AHBPrescTable
                0x000000000800ee18       0x10 ./Core/Src/system_stm32f7xx.o
                0x000000000800ee18                AHBPrescTable
 .rodata.APBPrescTable
                0x000000000800ee28        0x8 ./Core/Src/system_stm32f7xx.o
                0x000000000800ee28                APBPrescTable
 .rodata.ExCvt  0x000000000800ee30       0x80 ./Middlewares/Third_Party/FatFs/src/ff.o
 .rodata._ctype_
                0x000000000800eeb0      0x101 C:/ST/STM32CubeIDE_1.14.0/STM32CubeIDE/plugins/com.st.stm32cube.ide.mcu.externaltools.gnu-tools-for-stm32.11.3.rel1.win32_1.1.100.202309141235/tools/bin/../lib/gcc/arm-none-eabi/11.3.1/../../../../arm-none-eabi/lib/thumb/v7e-m+fp/hard\libc_nano.a(libc_a-ctype_.o)
                0x000000000800eeb0                _ctype_
 .rodata._svfprintf_r.str1.1
                0x000000000800efb1       0x11 C:/ST/STM32CubeIDE_1.14.0/STM32CubeIDE/plugins/com.st.stm32cube.ide.mcu.externaltools.gnu-tools-for-stm32.11.3.rel1.win32_1.1.100.202309141235/tools/bin/../lib/gcc/arm-none-eabi/11.3.1/../../../../arm-none-eabi/lib/thumb/v7e-m+fp/hard\libc_nano.a(libc_a-nano-svfprintf.o)
 .rodata._printf_i.str1.1
                0x000000000800efc2       0x22 C:/ST/STM32CubeIDE_1.14.0/STM32CubeIDE/plugins/com.st.stm32cube.ide.mcu.externaltools.gnu-tools-for-stm32.11.3.rel1.win32_1.1.100.202309141235/tools/bin/../lib/gcc/arm-none-eabi/11.3.1/../../../../arm-none-eabi/lib/thumb/v7e-m+fp/hard\libc_nano.a(libc_a-nano-vfprintf_i.o)
                0x000000000800efe4                . = ALIGN (0x4)

.ARM.extab      0x000000000800efe4        0x0
                0x000000000800efe4                . = ALIGN (0x4)
 *(.ARM.extab* .gnu.linkonce.armextab.*)
                0x000000000800efe4                . = ALIGN (0x4)

.ARM            0x000000000800efe4        0x8
                0x000000000800efe4                . = ALIGN (0x4)
                0x000000000800efe4                __exidx_start = .
 *(.ARM.exidx*)
 .ARM.exidx     0x000000000800efe4        0x8 C:/ST/STM32CubeIDE_1.14.0/STM32CubeIDE/plugins/com.st.stm32cube.ide.mcu.externaltools.gnu-tools-for-stm32.11.3.rel1.win32_1.1.100.202309141235/tools/bin/../lib/gcc/arm-none-eabi/11.3.1/thumb/v7e-m+fp/hard\libgcc.a(_udivmoddi4.o)
                0x000000000800efec                __exidx_end = .
                0x000000000800efec                . = ALIGN (0x4)

.rel.dyn        0x000000000800efec        0x0
 .rel.iplt      0x000000000800efec        0x0 C:/ST/STM32CubeIDE_1.14.0/STM32CubeIDE/plugins/com.st.stm32cube.ide.mcu.externaltools.gnu-tools-for-stm32.11.3.rel1.win32_1.1.100.202309141235/tools/bin/../lib/gcc/arm-none-eabi/11.3.1/thumb/v7e-m+fp/hard/crtbegin.o

.preinit_array  0x000000000800efec        0x0
                0x000000000800efec                . = ALIGN (0x4)
                0x000000000800efec                PROVIDE (__preinit_array_start = .)
 *(.preinit_array*)
                0x000000000800efec                PROVIDE (__preinit_array_end = .)
                0x000000000800efec                . = ALIGN (0x4)

.init_array     0x000000000800efec        0x4
                0x000000000800efec                . = ALIGN (0x4)
                0x000000000800efec                PROVIDE (__init_array_start = .)
 *(SORT_BY_NAME(.init_array.*))
 *(.init_array*)
 .init_array    0x000000000800efec        0x4 C:/ST/STM32CubeIDE_1.14.0/STM32CubeIDE/plugins/com.st.stm32cube.ide.mcu.externaltools.gnu-tools-for-stm32.11.3.rel1.win32_1.1.100.202309141235/tools/bin/../lib/gcc/arm-none-eabi/11.3.1/thumb/v7e-m+fp/hard/crtbegin.o
                0x000000000800eff0                PROVIDE (__init_array_end = .)
                0x000000000800eff0                . = ALIGN (0x4)

.fini_array     0x000000000800eff0        0x4
                0x000000000800eff0                . = ALIGN (0x4)
                [!provide]                        PROVIDE (__fini_array_start = .)
 *(SORT_BY_NAME(.fini_array.*))
 *(.fini_array*)
 .fini_array    0x000000000800eff0        0x4 C:/ST/STM32CubeIDE_1.14.0/STM32CubeIDE/plugins/com.st.stm32cube.ide.mcu.externaltools.gnu-tools-for-stm32.11.3.rel1.win32_1.1.100.202309141235/tools/bin/../lib/gcc/arm-none-eabi/11.3.1/thumb/v7e-m+fp/hard/crtbegin.o
                [!provide]                        PROVIDE (__fini_array_end = .)
                0x000000000800eff4                . = ALIGN (0x4)
                0x000000000800eff4                _sidata = LOADADDR (.data)

.data           0x0000000020000000      0x178 load address 0x000000000800eff4
                0x0000000020000000                . = ALIGN (0x4)
                0x0000000020000000                _sdata = .
 *(.data)
 *(.data*)
 .data.BMP280_ID_REG
                0x0000000020000000        0x1 ./Core/Src/main.o
 .data.BMI270_ID_REG
                0x0000000020000001        0x1 ./Core/Src/main.o
 *fill*         0x0000000020000002        0x2 
 .data.SystemCoreClock
                0x0000000020000004        0x4 ./Core/Src/system_stm32f7xx.o
                0x0000000020000004                SystemCoreClock
 .data.uwTickPrio
                0x0000000020000008        0x4 ./Drivers/STM32F7xx_HAL_Driver/Src/stm32f7xx_hal.o
                0x0000000020000008                uwTickPrio
 .data.uwTickFreq
                0x000000002000000c        0x1 ./Drivers/STM32F7xx_HAL_Driver/Src/stm32f7xx_hal.o
                0x000000002000000c                uwTickFreq
 *fill*         0x000000002000000d        0x3 
 .data.USER_Driver
                0x0000000020000010       0x14 ./FATFS/Target/user_diskio.o
                0x0000000020000010                USER_Driver
 .data.Stat     0x0000000020000024        0x1 ./FATFS/Target/user_diskio_spi.o
 *fill*         0x0000000020000025        0x3 
 .data.USBD_CDC_DeviceQualifierDesc
                0x0000000020000028        0xa ./Middlewares/ST/STM32_USB_Device_Library/Class/CDC/Src/usbd_cdc.o
 *fill*         0x0000000020000032        0x2 
 .data.USBD_CDC
                0x0000000020000034       0x38 ./Middlewares/ST/STM32_USB_Device_Library/Class/CDC/Src/usbd_cdc.o
                0x0000000020000034                USBD_CDC
 .data.USBD_CDC_CfgDesc
                0x000000002000006c       0x43 ./Middlewares/ST/STM32_USB_Device_Library/Class/CDC/Src/usbd_cdc.o
 .data.CDCInEpAdd
                0x00000000200000af        0x1 ./Middlewares/ST/STM32_USB_Device_Library/Class/CDC/Src/usbd_cdc.o
 .data.CDCOutEpAdd
                0x00000000200000b0        0x1 ./Middlewares/ST/STM32_USB_Device_Library/Class/CDC/Src/usbd_cdc.o
 .data.CDCCmdEpAdd
                0x00000000200000b1        0x1 ./Middlewares/ST/STM32_USB_Device_Library/Class/CDC/Src/usbd_cdc.o
 *fill*         0x00000000200000b2        0x2 
 .data.USBD_Interface_fops_FS
                0x00000000200000b4       0x14 ./USB_DEVICE/App/usbd_cdc_if.o
                0x00000000200000b4                USBD_Interface_fops_FS
 .data.FS_Desc  0x00000000200000c8       0x20 ./USB_DEVICE/App/usbd_desc.o
                0x00000000200000c8                FS_Desc
 .data.USBD_FS_DeviceDesc
                0x00000000200000e8       0x12 ./USB_DEVICE/App/usbd_desc.o
                0x00000000200000e8                USBD_FS_DeviceDesc
 *fill*         0x00000000200000fa        0x2 
 .data.USBD_FS_BOSDesc
                0x00000000200000fc        0xc ./USB_DEVICE/App/usbd_desc.o
                0x00000000200000fc                USBD_FS_BOSDesc
 .data.USBD_LangIDDesc
                0x0000000020000108        0x4 ./USB_DEVICE/App/usbd_desc.o
                0x0000000020000108                USBD_LangIDDesc
 .data.USBD_StringSerial
                0x000000002000010c       0x1a ./USB_DEVICE/App/usbd_desc.o
                0x000000002000010c                USBD_StringSerial
 *fill*         0x0000000020000126        0x2 
 .data._impure_data
                0x0000000020000128       0x4c C:/ST/STM32CubeIDE_1.14.0/STM32CubeIDE/plugins/com.st.stm32cube.ide.mcu.externaltools.gnu-tools-for-stm32.11.3.rel1.win32_1.1.100.202309141235/tools/bin/../lib/gcc/arm-none-eabi/11.3.1/../../../../arm-none-eabi/lib/thumb/v7e-m+fp/hard\libc_nano.a(libc_a-impure.o)
                0x0000000020000128                _impure_data
 .data._impure_ptr
                0x0000000020000174        0x4 C:/ST/STM32CubeIDE_1.14.0/STM32CubeIDE/plugins/com.st.stm32cube.ide.mcu.externaltools.gnu-tools-for-stm32.11.3.rel1.win32_1.1.100.202309141235/tools/bin/../lib/gcc/arm-none-eabi/11.3.1/../../../../arm-none-eabi/lib/thumb/v7e-m+fp/hard\libc_nano.a(libc_a-impure.o)
                0x0000000020000174                _impure_ptr
 *(.RamFunc)
 *(.RamFunc*)
                0x0000000020000178                . = ALIGN (0x4)
                0x0000000020000178                _edata = .

.igot.plt       0x0000000020000178        0x0 load address 0x000000000800f16c
 .igot.plt      0x0000000020000178        0x0 C:/ST/STM32CubeIDE_1.14.0/STM32CubeIDE/plugins/com.st.stm32cube.ide.mcu.externaltools.gnu-tools-for-stm32.11.3.rel1.win32_1.1.100.202309141235/tools/bin/../lib/gcc/arm-none-eabi/11.3.1/thumb/v7e-m+fp/hard/crtbegin.o
                0x0000000020000178                . = ALIGN (0x4)

.bss            0x0000000020000178     0x2284 load address 0x000000000800f16c
                0x0000000020000178                _sbss = .
                0x0000000020000178                __bss_start__ = _sbss
 *(.bss)
 .bss           0x0000000020000178       0x1c C:/ST/STM32CubeIDE_1.14.0/STM32CubeIDE/plugins/com.st.stm32cube.ide.mcu.externaltools.gnu-tools-for-stm32.11.3.rel1.win32_1.1.100.202309141235/tools/bin/../lib/gcc/arm-none-eabi/11.3.1/thumb/v7e-m+fp/hard/crtbegin.o
 *(.bss*)
 .bss.hadc1     0x0000000020000194       0x48 ./Core/Src/main.o
                0x0000000020000194                hadc1
 .bss.hadc2     0x00000000200001dc       0x48 ./Core/Src/main.o
                0x00000000200001dc                hadc2
 .bss.hi2c1     0x0000000020000224       0x54 ./Core/Src/main.o
                0x0000000020000224                hi2c1
 .bss.hspi1     0x0000000020000278       0x64 ./Core/Src/main.o
                0x0000000020000278                hspi1
 .bss.hspi2     0x00000000200002dc       0x64 ./Core/Src/main.o
                0x00000000200002dc                hspi2
 .bss.hspi3     0x0000000020000340       0x64 ./Core/Src/main.o
                0x0000000020000340                hspi3
 .bss.huart4    0x00000000200003a4       0x88 ./Core/Src/main.o
                0x00000000200003a4                huart4
 .bss.huart5    0x000000002000042c       0x88 ./Core/Src/main.o
                0x000000002000042c                huart5
 .bss.huart1    0x00000000200004b4       0x88 ./Core/Src/main.o
                0x00000000200004b4                huart1
 .bss.huart2    0x000000002000053c       0x88 ./Core/Src/main.o
                0x000000002000053c                huart2
 .bss.huart3    0x00000000200005c4       0x88 ./Core/Src/main.o
                0x00000000200005c4                huart3
 .bss.huart6    0x000000002000064c       0x88 ./Core/Src/main.o
                0x000000002000064c                huart6
 .bss.uart_buf  0x00000000200006d4       0x80 ./Core/Src/main.o
                0x00000000200006d4                uart_buf
 .bss.uart_buf_len
                0x0000000020000754        0x4 ./Core/Src/main.o
                0x0000000020000754                uart_buf_len
 .bss.spi_buf   0x0000000020000758       0x20 ./Core/Src/main.o
                0x0000000020000758                spi_buf
 .bss.test_enable
                0x0000000020000778        0x4 ./Core/Src/main.o
                0x0000000020000778                test_enable
 .bss.buffer.0  0x000000002000077c      0x100 ./Core/Src/main.o
 .bss.__sbrk_heap_end
                0x000000002000087c        0x4 ./Core/Src/sysmem.o
 .bss.uwTick    0x0000000020000880        0x4 ./Drivers/STM32F7xx_HAL_Driver/Src/stm32f7xx_hal.o
                0x0000000020000880                uwTick
 .bss.retUSER   0x0000000020000884        0x1 ./FATFS/App/fatfs.o
                0x0000000020000884                retUSER
 *fill*         0x0000000020000885        0x3 
 .bss.USERPath  0x0000000020000888        0x4 ./FATFS/App/fatfs.o
                0x0000000020000888                USERPath
 .bss.CardType  0x000000002000088c        0x1 ./FATFS/Target/user_diskio_spi.o
 *fill*         0x000000002000088d        0x3 
 .bss.spiTimerTickStart
                0x0000000020000890        0x4 ./FATFS/Target/user_diskio_spi.o
                0x0000000020000890                spiTimerTickStart
 .bss.spiTimerTickDelay
                0x0000000020000894        0x4 ./FATFS/Target/user_diskio_spi.o
                0x0000000020000894                spiTimerTickDelay
 .bss.cfgidx.0  0x0000000020000898        0x1 ./Middlewares/ST/STM32_USB_Device_Library/Core/Src/usbd_ctlreq.o
 *fill*         0x0000000020000899        0x3 
 .bss.FatFs     0x000000002000089c        0x4 ./Middlewares/Third_Party/FatFs/src/ff.o
 .bss.Fsid      0x00000000200008a0        0x2 ./Middlewares/Third_Party/FatFs/src/ff.o
 *fill*         0x00000000200008a2        0x2 
 .bss.Files     0x00000000200008a4       0x20 ./Middlewares/Third_Party/FatFs/src/ff.o
 .bss.disk      0x00000000200008c4        0xc ./Middlewares/Third_Party/FatFs/src/ff_gen_drv.o
                0x00000000200008c4                disk
 .bss.hUsbDeviceFS
                0x00000000200008d0      0x2dc ./USB_DEVICE/App/usb_device.o
                0x00000000200008d0                hUsbDeviceFS
 .bss.UserRxBufferFS
                0x0000000020000bac      0x800 ./USB_DEVICE/App/usbd_cdc_if.o
                0x0000000020000bac                UserRxBufferFS
 .bss.UserTxBufferFS
                0x00000000200013ac      0x800 ./USB_DEVICE/App/usbd_cdc_if.o
                0x00000000200013ac                UserTxBufferFS
 .bss.USBD_StrDesc
                0x0000000020001bac      0x200 ./USB_DEVICE/App/usbd_desc.o
                0x0000000020001bac                USBD_StrDesc
 .bss.hpcd_USB_OTG_FS
                0x0000000020001dac      0x508 ./USB_DEVICE/Target/usbd_conf.o
                0x0000000020001dac                hpcd_USB_OTG_FS
 .bss.__malloc_free_list
                0x00000000200022b4        0x4 C:/ST/STM32CubeIDE_1.14.0/STM32CubeIDE/plugins/com.st.stm32cube.ide.mcu.externaltools.gnu-tools-for-stm32.11.3.rel1.win32_1.1.100.202309141235/tools/bin/../lib/gcc/arm-none-eabi/11.3.1/../../../../arm-none-eabi/lib/thumb/v7e-m+fp/hard\libc_nano.a(libc_a-mallocr.o)
                0x00000000200022b4                __malloc_free_list
 .bss.__malloc_sbrk_start
                0x00000000200022b8        0x4 C:/ST/STM32CubeIDE_1.14.0/STM32CubeIDE/plugins/com.st.stm32cube.ide.mcu.externaltools.gnu-tools-for-stm32.11.3.rel1.win32_1.1.100.202309141235/tools/bin/../lib/gcc/arm-none-eabi/11.3.1/../../../../arm-none-eabi/lib/thumb/v7e-m+fp/hard\libc_nano.a(libc_a-mallocr.o)
                0x00000000200022b8                __malloc_sbrk_start