../Core/Src/bmp280.c:114:8:bmp280_get_regs	40	static
../Core/Src/bmp280.c:146:8:bmp280_set_regs	48	static
../Core/Src/bmp280.c:211:8:bmp280_soft_reset	24	static
../Core/Src/bmp280.c:233:8:bmp280_init	24	static
../Core/Src/bmp280.c:289:8:bmp280_get_config	24	static
../Core/Src/bmp280.c:321:8:bmp280_set_config	16	static
../Core/Src/bmp280.c:329:8:bmp280_get_status	24	static
../Core/Src/bmp280.c:352:8:bmp280_get_power_mode	24	static
../Core/Src/bmp280.c:374:8:bmp280_set_power_mode	24	static
../Core/Src/bmp280.c:391:8:bmp280_get_uncomp_data	24	static
../Core/Src/bmp280.c:425:8:bmp280_get_comp_temp_32bit	40	static
../Core/Src/bmp280.c:458:8:bmp280_get_comp_pres_32bit	40	static
../Core/Src/bmp280.c:510:8:bmp280_get_comp_pres_64bit	392	static
../Core/Src/bmp280.c:553:8:bmp280_get_comp_temp_double	64	static
../Core/Src/bmp280.c:583:8:bmp280_get_comp_pres_double	64	static
../Core/Src/bmp280.c:623:9:bmp280_compute_meas_time	48	static
../Core/Src/bmp280.c:651:15:null_ptr_check	24	static
../Core/Src/bmp280.c:672:13:interleave_data	32	static
../Core/Src/bmp280.c:687:15:get_calib_param	48	static
../Core/Src/bmp280.c:731:15:conf_sensor	32	static
../Core/Src/bmp280.c:779:15:st_check_boundaries	24	static
