../Core/Src/main.c:115:6:bmp280_read_id_register	16	static
../Core/Src/main.c:137:6:bmi270_read_id_register	16	static
../Core/Src/main.c:156:5:test_bmp280	64	static
../Core/Src/main.c:175:6:delay_ms	16	static
../Core/Src/main.c:181:8:spi_reg_write	16	static
../Core/Src/main.c:192:8:spi_reg_read	16	static
../Core/Src/main.c:202:6:print_rslt	16	static
../Core/Src/main.c:239:6:read_tmp102	64	static
../Core/Src/main.c:289:6:start_bootloader	16	static,ignoring_inline_asm
../Core/Src/main.c:343:5:main	8	static,ignoring_inline_asm
../Core/Src/main.c:444:6:SystemClock_Config	88	static
../Core/Src/main.c:492:13:MX_ADC1_Init	24	static
../Core/Src/main.c:544:13:MX_ADC2_Init	24	static
../Core/Src/main.c:596:13:MX_I2C1_Init	8	static
../Core/Src/main.c:644:13:MX_SPI1_Init	8	static
../Core/Src/main.c:684:13:MX_SPI2_Init	8	static
../Core/Src/main.c:724:13:MX_SPI3_Init	8	static
../Core/Src/main.c:764:13:MX_UART4_Init	8	static
../Core/Src/main.c:799:13:MX_UART5_Init	8	static
../Core/Src/main.c:834:13:MX_USART1_UART_Init	8	static
../Core/Src/main.c:869:13:MX_USART2_UART_Init	8	static
../Core/Src/main.c:904:13:MX_USART3_UART_Init	8	static
../Core/Src/main.c:939:13:MX_USART6_UART_Init	8	static
../Core/Src/main.c:974:13:MX_GPIO_Init	48	static
../Core/Src/main.c:1041:6:Error_Handler	4	static,ignoring_inline_asm
