../Core/Src/main.c:95:6:bmp280_read_id_register	16	static
../Core/Src/main.c:116:6:bmi270_read_id_register	16	static
../Core/Src/main.c:143:5:main	8	static
../Core/Src/main.c:227:6:SystemClock_Config	88	static
../Core/Src/main.c:275:13:MX_ADC1_Init	24	static
../Core/Src/main.c:327:13:MX_ADC2_Init	24	static
../Core/Src/main.c:379:13:MX_I2C1_Init	8	static
../Core/Src/main.c:427:13:MX_SPI1_Init	8	static
../Core/Src/main.c:467:13:MX_SPI2_Init	8	static
../Core/Src/main.c:507:13:MX_SPI3_Init	8	static
../Core/Src/main.c:547:13:MX_UART4_Init	8	static
../Core/Src/main.c:582:13:MX_UART5_Init	8	static
../Core/Src/main.c:617:13:MX_USART1_UART_Init	8	static
../Core/Src/main.c:652:13:MX_USART2_UART_Init	8	static
../Core/Src/main.c:687:13:MX_USART3_UART_Init	8	static
../Core/Src/main.c:722:13:MX_USART6_UART_Init	8	static
../Core/Src/main.c:757:13:MX_GPIO_Init	48	static
../Core/Src/main.c:824:6:Error_Handler	4	static,ignoring_inline_asm
